Archive member included to satisfy reference by file (symbol)

D:/MCUXpressoIDE_25.6.136/ide/plugins/com.nxp.mcuxpresso.tools.win32_25.6.0.202501151204/tools/bin/../lib/gcc/arm-none-eabi/14.2.1/../../../../arm-none-eabi/lib/thumb/v8-m.main+fp/hard\libcr_semihost_nf.a(_cr__main.o)
                              ./startup/startup_mcxn947_cm33_core0.o (__main)
D:/MCUXpressoIDE_25.6.136/ide/plugins/com.nxp.mcuxpresso.tools.win32_25.6.0.202501151204/tools/bin/../lib/gcc/arm-none-eabi/14.2.1/../../../../arm-none-eabi/lib/thumb/v8-m.main+fp/hard\libcr_c.a(memset.o)
                              ./drivers/fsl_ctimer.o (memset)
D:/MCUXpressoIDE_25.6.136/ide/plugins/com.nxp.mcuxpresso.tools.win32_25.6.0.202501151204/tools/bin/../lib/gcc/arm-none-eabi/14.2.1/../../../../arm-none-eabi/lib/thumb/v8-m.main+fp/hard\libcr_c.a(alloc.o)
                              ./drivers/fsl_common.o (malloc)
D:/MCUXpressoIDE_25.6.136/ide/plugins/com.nxp.mcuxpresso.tools.win32_25.6.0.202501151204/tools/bin/../lib/gcc/arm-none-eabi/14.2.1/../../../../arm-none-eabi/lib/thumb/v8-m.main+fp/hard\libcr_c.a(errno.o)
                              ./utilities/str/fsl_str.o (errno)
D:/MCUXpressoIDE_25.6.136/ide/plugins/com.nxp.mcuxpresso.tools.win32_25.6.0.202501151204/tools/bin/../lib/gcc/arm-none-eabi/14.2.1/../../../../arm-none-eabi/lib/thumb/v8-m.main+fp/hard\libcr_c.a(initio.o)
                              D:/MCUXpressoIDE_25.6.136/ide/plugins/com.nxp.mcuxpresso.tools.win32_25.6.0.202501151204/tools/bin/../lib/gcc/arm-none-eabi/14.2.1/../../../../arm-none-eabi/lib/thumb/v8-m.main+fp/hard\libcr_semihost_nf.a(_cr__main.o) (_initio)
D:/MCUXpressoIDE_25.6.136/ide/plugins/com.nxp.mcuxpresso.tools.win32_25.6.0.202501151204/tools/bin/../lib/gcc/arm-none-eabi/14.2.1/../../../../arm-none-eabi/lib/thumb/v8-m.main+fp/hard\libcr_c.a(printf.o)
                              ./utilities/fsl_assert.o (_printf)
D:/MCUXpressoIDE_25.6.136/ide/plugins/com.nxp.mcuxpresso.tools.win32_25.6.0.202501151204/tools/bin/../lib/gcc/arm-none-eabi/14.2.1/../../../../arm-none-eabi/lib/thumb/v8-m.main+fp/hard\libcr_c.a(scanf.o)
                              ./utilities/str/fsl_str.o (strtoul)
D:/MCUXpressoIDE_25.6.136/ide/plugins/com.nxp.mcuxpresso.tools.win32_25.6.0.202501151204/tools/bin/../lib/gcc/arm-none-eabi/14.2.1/../../../../arm-none-eabi/lib/thumb/v8-m.main+fp/hard\libcr_c.a(setvbuf.o)
                              D:/MCUXpressoIDE_25.6.136/ide/plugins/com.nxp.mcuxpresso.tools.win32_25.6.0.202501151204/tools/bin/../lib/gcc/arm-none-eabi/14.2.1/../../../../arm-none-eabi/lib/thumb/v8-m.main+fp/hard\libcr_c.a(initio.o) (setvbuf)
D:/MCUXpressoIDE_25.6.136/ide/plugins/com.nxp.mcuxpresso.tools.win32_25.6.0.202501151204/tools/bin/../lib/gcc/arm-none-eabi/14.2.1/../../../../arm-none-eabi/lib/thumb/v8-m.main+fp/hard\libcr_c.a(strlen.o)
                              ./utilities/str/fsl_str.o (strlen)
D:/MCUXpressoIDE_25.6.136/ide/plugins/com.nxp.mcuxpresso.tools.win32_25.6.0.202501151204/tools/bin/../lib/gcc/arm-none-eabi/14.2.1/../../../../arm-none-eabi/lib/thumb/v8-m.main+fp/hard\libcr_c.a(ungetc.o)
                              D:/MCUXpressoIDE_25.6.136/ide/plugins/com.nxp.mcuxpresso.tools.win32_25.6.0.202501151204/tools/bin/../lib/gcc/arm-none-eabi/14.2.1/../../../../arm-none-eabi/lib/thumb/v8-m.main+fp/hard\libcr_c.a(scanf.o) (ungetc)
D:/MCUXpressoIDE_25.6.136/ide/plugins/com.nxp.mcuxpresso.tools.win32_25.6.0.202501151204/tools/bin/../lib/gcc/arm-none-eabi/14.2.1/../../../../arm-none-eabi/lib/thumb/v8-m.main+fp/hard\libcr_c.a(__fillbuf.o)
                              D:/MCUXpressoIDE_25.6.136/ide/plugins/com.nxp.mcuxpresso.tools.win32_25.6.0.202501151204/tools/bin/../lib/gcc/arm-none-eabi/14.2.1/../../../../arm-none-eabi/lib/thumb/v8-m.main+fp/hard\libcr_c.a(scanf.o) (__filbuf)
D:/MCUXpressoIDE_25.6.136/ide/plugins/com.nxp.mcuxpresso.tools.win32_25.6.0.202501151204/tools/bin/../lib/gcc/arm-none-eabi/14.2.1/../../../../arm-none-eabi/lib/thumb/v8-m.main+fp/hard\libcr_c.a(__init_alloc.o)
                              D:/MCUXpressoIDE_25.6.136/ide/plugins/com.nxp.mcuxpresso.tools.win32_25.6.0.202501151204/tools/bin/../lib/gcc/arm-none-eabi/14.2.1/../../../../arm-none-eabi/lib/thumb/v8-m.main+fp/hard\libcr_c.a(alloc.o) (__heaps)
D:/MCUXpressoIDE_25.6.136/ide/plugins/com.nxp.mcuxpresso.tools.win32_25.6.0.202501151204/tools/bin/../lib/gcc/arm-none-eabi/14.2.1/../../../../arm-none-eabi/lib/thumb/v8-m.main+fp/hard\libcr_c.a(_cr_sbrk.o)
                              D:/MCUXpressoIDE_25.6.136/ide/plugins/com.nxp.mcuxpresso.tools.win32_25.6.0.202501151204/tools/bin/../lib/gcc/arm-none-eabi/14.2.1/../../../../arm-none-eabi/lib/thumb/v8-m.main+fp/hard\libcr_c.a(alloc.o) (_sbrk)
D:/MCUXpressoIDE_25.6.136/ide/plugins/com.nxp.mcuxpresso.tools.win32_25.6.0.202501151204/tools/bin/../lib/gcc/arm-none-eabi/14.2.1/../../../../arm-none-eabi/lib/thumb/v8-m.main+fp/hard\libcr_c.a(_deferredlazyseek.o)
[...]
Memory Configuration

Name             Origin             Length             Attributes
PROGRAM_FLASH0   0x00000000         0x00100000         xr
PROGRAM_FLASH1   0x00100000         0x00100000         xr
SRAM             0x20000000         0x00060000         xrw
SRAMX            0x04000000         0x00018000         xrw
SRAMH            0x20060000         0x00008000         xrw
USB_RAM          0x400ba000         0x00001000         xrw
*default*        0x00000000         0xffffffff

Linker script and memory map

LOAD ./utilities/str/fsl_str.o
LOAD ./utilities/debug_console_lite/fsl_debug_console.o
LOAD ./utilities/fsl_assert.o
LOAD ./utilities/fsl_memcpy.o
LOAD ./startup/boot_multicore_slave.o
LOAD ./startup/startup_mcxn947_cm33_core0.o
LOAD ./source/esc.o
LOAD ./source/hbridge.o
LOAD ./source/main.o
LOAD ./source/pixy.o
LOAD ./source/semihost_hardfault.o
LOAD ./source/servo.o
LOAD ./source/simple_movement.o
LOAD ./drivers/fsl_clock.o
LOAD ./drivers/fsl_common.o
LOAD ./drivers/fsl_common_arm.o
LOAD ./drivers/fsl_ctimer.o
LOAD ./drivers/fsl_edma.o
LOAD ./drivers/fsl_edma_soc.o
LOAD ./drivers/fsl_gpio.o
LOAD ./drivers/fsl_inputmux.o
LOAD ./drivers/fsl_lpflexcomm.o
LOAD ./drivers/fsl_lpi2c.o
LOAD ./drivers/fsl_lpi2c_cmsis.o
LOAD ./drivers/fsl_lpi2c_edma.o
LOAD ./drivers/fsl_lpuart.o
LOAD ./drivers/fsl_pwm.o
LOAD ./drivers/fsl_reset.o
LOAD ./drivers/fsl_spc.o
LOAD ./device/system_MCXN947_cm33_core0.o
LOAD ./component/uart/fsl_adapter_lpuart.o
LOAD ./board/board.o
LOAD ./board/clock_config.o
LOAD ./board/hardware_init.o
LOAD ./board/peripherals.o
LOAD ./board/pin_mux.o
START GROUP
LOAD D:/MCUXpressoIDE_25.6.136/ide/plugins/com.nxp.mcuxpresso.tools.win32_25.6.0.202501151204/tools/bin/../lib/gcc/arm-none-eabi/14.2.1/../../../../arm-none-eabi/lib/thumb/v8-m.main+fp/hard\libcr_semihost_nf.a
LOAD D:/MCUXpressoIDE_25.6.136/ide/plugins/com.nxp.mcuxpresso.tools.win32_25.6.0.202501151204/tools/bin/../lib/gcc/arm-none-eabi/14.2.1/../../../../arm-none-eabi/lib/thumb/v8-m.main+fp/hard\libcr_c.a
LOAD D:/MCUXpressoIDE_25.6.136/ide/plugins/com.nxp.mcuxpresso.tools.win32_25.6.0.202501151204/tools/bin/../lib/gcc/arm-none-eabi/14.2.1/thumb/v8-m.main+fp/hard\libcr_eabihelpers.a
LOAD D:/MCUXpressoIDE_25.6.136/ide/plugins/com.nxp.mcuxpresso.tools.win32_25.6.0.202501151204/tools/bin/../lib/gcc/arm-none-eabi/14.2.1/thumb/v8-m.main+fp/hard\libgcc.a
END GROUP
                0x00000000                        __base_PROGRAM_FLASH0 = 0x0
                0x00000000                        __base_Flash = 0x0
                0x00100000                        __top_PROGRAM_FLASH0 = 0x100000
                0x00100000                        __top_Flash = 0x100000
                0x00100000                        __base_PROGRAM_FLASH1 = 0x100000
                0x00100000                        __base_Flash2 = 0x100000
                0x00200000                        __top_PROGRAM_FLASH1 = 0x200000
                0x00200000                        __top_Flash2 = 0x200000
                0x20000000                        __base_SRAM = 0x20000000
                0x20000000                        __base_RAM = 0x20000000
                0x20060000                        __top_SRAM = 0x20060000
                0x20060000                        __top_RAM = 0x20060000
                0x04000000                        __base_SRAMX = 0x4000000
                0x04000000                        __base_RAM2 = 0x4000000
                0x04018000                        __top_SRAMX = 0x4018000
                0x04018000                        __top_RAM2 = 0x4018000
                0x20060000                        __base_SRAMH = 0x20060000
                0x20060000                        __base_RAM3 = 0x20060000
                0x20068000                        __top_SRAMH = 0x20068000
                0x20068000                        __top_RAM3 = 0x20068000
                0x400ba000                        __base_USB_RAM = 0x400ba000
                0x400ba000                        __base_RAM4 = 0x400ba000
                0x400bb000                        __top_USB_RAM = 0x400bb000
                0x400bb000                        __top_RAM4 = 0x400bb000

.text_Flash2    0x00100000        0x0
 FILL mask 0xff
 *(SORT_BY_ALIGNMENT(.text_Flash2))
 *(SORT_BY_ALIGNMENT(.text_PROGRAM_FLASH1))
 *(SORT_BY_ALIGNMENT(.text.$Flash2))
 *(SORT_BY_ALIGNMENT(.text.$PROGRAM_FLASH1))
 *(SORT_BY_ALIGNMENT(.text_Flash2.*))
 *(SORT_BY_ALIGNMENT(.text_PROGRAM_FLASH1.*))
 *(SORT_BY_ALIGNMENT(.text.$Flash2.*))
 *(SORT_BY_ALIGNMENT(.text.$PROGRAM_FLASH1.*))
 *(SORT_BY_ALIGNMENT(.rodata.$Flash2))
 *(SORT_BY_ALIGNMENT(.rodata.$PROGRAM_FLASH1))
 *(SORT_BY_ALIGNMENT(.rodata.$Flash2.*))
 *(SORT_BY_ALIGNMENT(.rodata.$PROGRAM_FLASH1.*))

.text           0x00000000     0x7968
 FILL mask 0xff
                0x00000000                        __vectors_start__ = ABSOLUTE (.)
 *(SORT_BY_ALIGNMENT(.isr_vector))
 .isr_vector    0x00000000      0x2b0 ./startup/startup_mcxn947_cm33_core0.o
                0x00000000                g_pfnVectors
                0x00000000                __Vectors
                0x000002b0                        . = ALIGN (0x4)
                0x000002b0                        __section_table_start = .
                0x000002b0                        __data_section_table = .
                0x000002b0        0x4 LONG 0x7968 LOADADDR (.data)
                0x000002b4        0x4 LONG 0x20000000 ADDR (.data)
                0x000002b8        0x4 LONG 0x54 SIZEOF (.data)
                0x000002bc        0x4 LONG 0x7968 LOADADDR (.data_RAM2)
                0x000002c0        0x4 LONG 0x4000000 ADDR (.data_RAM2)
                0x000002c4        0x4 LONG 0x0 SIZEOF (.data_RAM2)
                0x000002c8        0x4 LONG 0x7968 LOADADDR (.data_RAM3)
                0x000002cc        0x4 LONG 0x20060000 ADDR (.data_RAM3)
                0x000002d0        0x4 LONG 0x0 SIZEOF (.data_RAM3)
                0x000002d4        0x4 LONG 0x7968 LOADADDR (.data_RAM4)
                0x000002d8        0x4 LONG 0x400ba000 ADDR (.data_RAM4)
                0x000002dc        0x4 LONG 0x0 SIZEOF (.data_RAM4)
                0x000002e0                        __data_section_table_end = .
                0x000002e0                        __bss_section_table = .
                0x000002e0        0x4 LONG 0x20000054 ADDR (.bss)
                0x000002e4        0x4 LONG 0x3c8 SIZEOF (.bss)
                0x000002e8        0x4 LONG 0x4000000 ADDR (.bss_RAM2)
                0x000002ec        0x4 LONG 0x0 SIZEOF (.bss_RAM2)
                0x000002f0        0x4 LONG 0x20060000 ADDR (.bss_RAM3)
                0x000002f4        0x4 LONG 0x0 SIZEOF (.bss_RAM3)
                0x000002f8        0x4 LONG 0x400ba000 ADDR (.bss_RAM4)
                0x000002fc        0x4 LONG 0x0 SIZEOF (.bss_RAM4)
                0x00000300                        __bss_section_table_end = .
                0x00000300                        __section_table_end = .
 *(SORT_BY_ALIGNMENT(.after_vectors*))
 .after_vectors.reset
                0x00000300       0x68 ./startup/startup_mcxn947_cm33_core0.o
                0x00000300                ResetISR
 .after_vectors.init_data
                0x00000368       0x1e ./startup/startup_mcxn947_cm33_core0.o
                0x00000368                data_init
 .after_vectors.init_bss
                0x00000386       0x12 ./startup/startup_mcxn947_cm33_core0.o
                0x00000386                bss_init
 .after_vectors
                0x00000398       0x16 ./startup/startup_mcxn947_cm33_core0.o
                0x00000398                NMI_Handler
                0x0000039c                MemManage_Handler
                0x0000039e                BusFault_Handler
                0x000003a0                UsageFault_Handler
                0x000003a2                SecureFault_Handler
                0x000003a4                SVC_Handler
                0x000003a6                DebugMon_Handler
                0x000003a8                PendSV_Handler
                0x000003aa                SysTick_Handler
                0x000003ac                CMC0_DriverIRQHandler
                0x000003ac                PKC_ERR_DriverIRQHandler
                0x000003ac                SCG_DriverIRQHandler
                0x000003ac                FLEXPWM1_SUBMODULE1_DriverIRQHandler
                0x000003ac                FLEXPWM0_SUBMODULE1_DriverIRQHandler
                0x000003ac                LPTMR0_DriverIRQHandler
                0x000003ac                QDC1_HOME_DriverIRQHandler
                0x000003ac                I3C0_DriverIRQHandler
                0x000003ac                FLEXPWM0_RELOAD_ERROR_DriverIRQHandler
                0x000003ac                QDC0_HOME_DriverIRQHandler
                0x000003ac                Reserved167_DriverIRQHandler
                0x000003ac                SEC_VIO_DriverIRQHandler
                0x000003ac                ERM_MULTI_BIT_ERROR_DriverIRQHandler
                0x000003ac                GPIO31_DriverIRQHandler
                0x000003ac                EWM0_DriverIRQHandler
                0x000003ac                PKC_DriverIRQHandler
                0x000003ac                USB1_HS_PHY_DriverIRQHandler
                0x000003ac                QDC0_IDX_DriverIRQHandler
                0x000003ac                ELS_DriverIRQHandler
                0x000003ac                Reserved166_DriverIRQHandler
                0x000003ac                ETHERNET_DriverIRQHandler
                0x000003ac                QDC1_IDX_DriverIRQHandler
                0x000003ac                FLEXPWM1_SUBMODULE3_DriverIRQHandler
                0x000003ac                DAC1_DriverIRQHandler
                0x000003ac                EMVSIM0_DriverIRQHandler
                0x000003ac                ITRC0_DriverIRQHandler
                0x000003ac                ETB0_DriverIRQHandler
                0x000003ac                Freqme_DriverIRQHandler
                0x000003ac                Reserved80_DriverIRQHandler
                0x000003ac                USB0_FS_DriverIRQHandler
                0x000003ac                ELS_ERR_DriverIRQHandler
                0x000003ac                FLEXIO_DriverIRQHandler
                0x000003ac                DAC0_DriverIRQHandler
                0x000003ac                MRT0_DriverIRQHandler
                0x000003ac                UTICK0_DriverIRQHandler
                0x000003ac                FLEXPWM0_SUBMODULE2_DriverIRQHandler
                0x000003ac                GPIO01_DriverIRQHandler
                0x000003ac                WWDT0_DriverIRQHandler
                0x000003ac                USDHC0_DriverIRQHandler
                0x000003ac                GPIO00_DriverIRQHandler
                0x000003ac                GPIO11_DriverIRQHandler
                0x000003ac                BSP32_DriverIRQHandler
                0x000003ac                FLEXPWM0_FAULT_DriverIRQHandler
                0x000003ac                SAI1_DriverIRQHandler
                0x000003ac                ERM_SINGLE_BIT_ERROR_DriverIRQHandler
                0x000003ac                GPIO21_DriverIRQHandler
                0x000003ac                FLEXPWM1_FAULT_DriverIRQHandler
                0x000003ac                GPIO30_DriverIRQHandler
                0x000003ac                QDC0_COMPARE_DriverIRQHandler
                0x000003ac                WWDT1_DriverIRQHandler
                0x000003ac                ADC1_DriverIRQHandler
                0x000003ac                PQ_DriverIRQHandler
                0x000003ac                ETHERNET_MACLP_DriverIRQHandler
                0x000003ac                USB0_DCD_DriverIRQHandler
                0x000003ac                MAILBOX_DriverIRQHandler
                0x000003ac                WUU_DriverIRQHandler
                0x000003ac                FLEXPWM1_SUBMODULE0_DriverIRQHandler
                0x000003ac                CDOG1_DriverIRQHandler
                0x000003ac                TSI_OUT_OF_SCAN_DriverIRQHandler
                0x000003ac                PUF_DriverIRQHandler
                0x000003ac                SPC_DriverIRQHandler
                0x000003ac                RTC_DriverIRQHandler
                0x000003ac                VBAT0_DriverIRQHandler
                0x000003ac                Reserved65_DriverIRQHandler
                0x000003ac                HSCMP2_DriverIRQHandler
                0x000003ac                PINT0_DriverIRQHandler
                0x000003ac                PDM_EVENT_DriverIRQHandler
                0x000003ac                IntDefaultHandler
                0x000003ac                ETHERNET_PMT_DriverIRQHandler
                0x000003ac                FLEXPWM1_RELOAD_ERROR_DriverIRQHandler
                0x000003ac                FMU0_DriverIRQHandler
                0x000003ac                QDC1_COMPARE_DriverIRQHandler
                0x000003ac                LPTMR1_DriverIRQHandler
                0x000003ac                GPIO40_DriverIRQHandler
                0x000003ac                CTI0_DriverIRQHandler
                0x000003ac                FLEXPWM1_SUBMODULE2_DriverIRQHandler
                0x000003ac                GPIO20_DriverIRQHandler
                0x000003ac                QDC1_WDG_SAB_DriverIRQHandler
                0x000003ac                GDET_DriverIRQHandler
                0x000003ac                PORT_EFT_DriverIRQHandler
                0x000003ac                Reserved85_DriverIRQHandler
                0x000003ac                Reserved81_DriverIRQHandler
                0x000003ac                TSI_END_OF_SCAN_DriverIRQHandler
                0x000003ac                FLEXPWM0_SUBMODULE3_DriverIRQHandler
                0x000003ac                ADC0_DriverIRQHandler
                0x000003ac                OR_DriverIRQHandler
                0x000003ac                USB1_HS_DriverIRQHandler
                0x000003ac                DAC2_DriverIRQHandler
                0x000003ac                GPIO51_DriverIRQHandler
                0x000003ac                HSCMP0_DriverIRQHandler
                0x000003ac                QDC0_WDG_SAB_DriverIRQHandler
                0x000003ac                CDOG0_DriverIRQHandler
                0x000003ac                CAN0_DriverIRQHandler
                0x000003ac                SMARTDMA_DriverIRQHandler
                0x000003ac                SAI0_DriverIRQHandler
                0x000003ac                EMVSIM1_DriverIRQHandler
                0x000003ac                I3C1_DriverIRQHandler
                0x000003ac                HSCMP1_DriverIRQHandler
                0x000003ac                FLEXSPI0_DriverIRQHandler
                0x000003ac                GPIO50_DriverIRQHandler
                0x000003ac                GPIO10_DriverIRQHandler
                0x000003ac                SCT0_DriverIRQHandler
                0x000003ac                CAN1_DriverIRQHandler
                0x000003ac                PLU_DriverIRQHandler
                0x000003ac                FLEXPWM0_SUBMODULE0_DriverIRQHandler
                0x000003ac                OS_EVENT_DriverIRQHandler
                0x000003ac                SINC_FILTER_DriverIRQHandler
                0x000003ac                NPU_DriverIRQHandler
                0x000003ac                GPIO41_DriverIRQHandler
                0x000003ac                SEC_HYPERVISOR_CALL_DriverIRQHandler
 *(SORT_BY_ALIGNMENT(.text*))
 *fill*         0x000003ae        0x2 ff
 .text.__assertion_failed
                0x000003b0       0x2c ./utilities/fsl_assert.o
                0x000003b0                __assertion_failed
 .text.HbridgeInit
                0x000003dc       0x6c ./source/hbridge.o
                0x000003dc                HbridgeInit
 .text.main     0x00000448       0xa4 ./source/main.o
                0x00000448                main
 .text.pixy_edma_cb
                0x000004ec       0x2c ./source/pixy.o
 .text.pixy_init
                0x00000518       0x44 ./source/pixy.o
                0x00000518                pixy_init
 .text.pixy_send
                0x0000055c       0x70 ./source/pixy.o
 .text.pixy_recv
                0x000005cc       0x74 ./source/pixy.o
 .text.Steer    0x00000640      0x100 ./source/servo.o
                0x00000640                Steer
 .text.CLOCK_IsPLL0Locked
                0x00000740       0x28 ./drivers/fsl_clock.o
 .text.CLOCK_SetupFROHFClocking
                0x00000768       0x9c ./drivers/fsl_clock.o
                0x00000768                CLOCK_SetupFROHFClocking
 .text.CLOCK_SetPll0MonitorMode
                0x00000804       0x38 ./drivers/fsl_clock.o
                0x00000804                CLOCK_SetPll0MonitorMode
 .text.CLOCK_AttachClk
                0x0000083c       0xb0 ./drivers/fsl_clock.o
                0x0000083c                CLOCK_AttachClk
 .text.CLOCK_SetClkDiv
                0x000008ec       0x54 ./drivers/fsl_clock.o
                0x000008ec                CLOCK_SetClkDiv
 .text.CLOCK_GetPLL0InClockRate
                0x00000940       0x5c ./drivers/fsl_clock.o
                0x00000940                CLOCK_GetPLL0InClockRate
 .text.CLOCK_SetPLL0Freq
                0x0000099c      0x10c ./drivers/fsl_clock.o
                0x0000099c                CLOCK_SetPLL0Freq
 .text.CLOCK_GetClk48MFreq
                0x00000aa8       0x2c ./drivers/fsl_clock.o
 .text.CLOCK_GetExtClkFreq
                0x00000ad4       0x2c ./drivers/fsl_clock.o
 .text.CLOCK_GetOsc32KFreq
                0x00000b00       0x4c ./drivers/fsl_clock.o
 .text.findPll0PreDiv
                0x00000b4c       0x40 ./drivers/fsl_clock.o
 .text.findPll0PostDiv
                0x00000b8c       0x60 ./drivers/fsl_clock.o
 .text.findPll0MMult
                0x00000bec       0xac ./drivers/fsl_clock.o
 .text.__NVIC_EnableIRQ
                0x00000c98       0x3c ./drivers/fsl_ctimer.o
 .text.CTIMER_GetInstance
                0x00000cd4       0x54 ./drivers/fsl_ctimer.o
 .text.CTIMER_Init
                0x00000d28       0x80 ./drivers/fsl_ctimer.o
                0x00000d28                CTIMER_Init
 .text.CTIMER_SetupPwmPeriod
                0x00000da8       0xd8 ./drivers/fsl_ctimer.o
                0x00000da8                CTIMER_SetupPwmPeriod
 .text.CTIMER_UpdatePwmDutycycle
                0x00000e80       0xc4 ./drivers/fsl_ctimer.o
                0x00000e80                CTIMER_UpdatePwmDutycycle
 .text.CTIMER_GenericIRQHandler
                0x00000f44       0xb4 ./drivers/fsl_ctimer.o
 .text.__NVIC_EnableIRQ
                0x00000ff8       0x3c ./drivers/fsl_edma.o
 .text.EDMA_SetChannelMux
                0x00001034       0x4c ./drivers/fsl_edma.o
 .text.EDMA_EnableChannelMasterIDReplication
                0x00001080       0x70 ./drivers/fsl_edma.o
 .text.EDMA_SetChannelSecurityLevel
                0x000010f0       0x70 ./drivers/fsl_edma.o
 .text.EDMA_SetChannelProtectionLevel
                0x00001160       0x70 ./drivers/fsl_edma.o
 .text.EDMA_GetInstance
                0x000011d0       0x4c ./drivers/fsl_edma.o
 .text.EDMA_Init
                0x0000121c       0xdc ./drivers/fsl_edma.o
                0x0000121c                EDMA_Init
 .text.EDMA_InitChannel
                0x000012f8       0x70 ./drivers/fsl_edma.o
                0x000012f8                EDMA_InitChannel
 .text.EDMA_ResetChannel
                0x00001368       0x40 ./drivers/fsl_edma.o
                0x00001368                EDMA_ResetChannel
 .text.EDMA_SetTransferConfig
                0x000013a8       0x54 ./drivers/fsl_edma.o
                0x000013a8                EDMA_SetTransferConfig
 .text.EDMA_SetChannelPreemptionConfig
                0x000013fc       0x6c ./drivers/fsl_edma.o
                0x000013fc                EDMA_SetChannelPreemptionConfig
 .text.EDMA_TcdResetExt
                0x00001468       0x78 ./drivers/fsl_edma.o
                0x00001468                EDMA_TcdResetExt
 .text.EDMA_TcdSetTransferConfigExt
                0x000014e0       0x78 ./drivers/fsl_edma.o
                0x000014e0                EDMA_TcdSetTransferConfigExt
 .text.EDMA_ConfigChannelSoftwareTCDExt
                0x00001558      0x3a8 ./drivers/fsl_edma.o
                0x00001558                EDMA_ConfigChannelSoftwareTCDExt
 .text.EDMA_TcdEnableInterruptsExt
                0x00001900       0x58 ./drivers/fsl_edma.o
                0x00001900                EDMA_TcdEnableInterruptsExt
 .text.EDMA_EnableChannelInterrupts
                0x00001958       0xac ./drivers/fsl_edma.o
                0x00001958                EDMA_EnableChannelInterrupts
 .text.EDMA_ClearChannelStatusFlags
                0x00001a04       0x94 ./drivers/fsl_edma.o
                0x00001a04                EDMA_ClearChannelStatusFlags
 .text.EDMA_CreateHandle
                0x00001a98       0xfc ./drivers/fsl_edma.o
                0x00001a98                EDMA_CreateHandle
 .text.EDMA_SetCallback
                0x00001b94       0x30 ./drivers/fsl_edma.o
                0x00001b94                EDMA_SetCallback
 .text.EDMA_StartTransfer
                0x00001bc4       0x9c ./drivers/fsl_edma.o
                0x00001bc4                EDMA_StartTransfer
 .text.EDMA_StopTransfer
                0x00001c60       0x34 ./drivers/fsl_edma.o
                0x00001c60                EDMA_StopTransfer
 .text.EDMA_HandleIRQ
                0x00001c94      0x1a4 ./drivers/fsl_edma.o
                0x00001c94                EDMA_HandleIRQ
 .text.EDMA_DriverIRQHandler
                0x00001e38       0x4c ./drivers/fsl_edma.o
                0x00001e38                EDMA_DriverIRQHandler
 .text.GPIO_GetInstance
                0x00001e84       0x4c ./drivers/fsl_gpio.o
 .text.GPIO_PortClockEnable
                0x00001ed0       0x54 ./drivers/fsl_gpio.o
 .text.GPIO_PinInit
                0x00001f24       0x6c ./drivers/fsl_gpio.o
                0x00001f24                GPIO_PinInit
 .text.LP_FLEXCOMM_GetBaseAddress
                0x00001f90       0x2c ./drivers/fsl_lpflexcomm.o
                0x00001f90                LP_FLEXCOMM_GetBaseAddress
 .text.LP_FLEXCOMM_GetInterruptStatus
                0x00001fbc       0x28 ./drivers/fsl_lpflexcomm.o
                0x00001fbc                LP_FLEXCOMM_GetInterruptStatus
 .text.LP_FLEXCOMM_SetPeriph
                0x00001fe4       0x94 ./drivers/fsl_lpflexcomm.o
 .text.LP_FLEXCOMM_Init
                0x00002078       0x58 ./drivers/fsl_lpflexcomm.o
                0x00002078                LP_FLEXCOMM_Init
 .text.LP_FLEXCOMM_SetIRQHandler
                0x000020d0       0x70 ./drivers/fsl_lpflexcomm.o
                0x000020d0                LP_FLEXCOMM_SetIRQHandler
 .text.LP_FLEXCOMM_CommonIRQHandler
                0x00002140       0xb8 ./drivers/fsl_lpflexcomm.o
 .text.LPI2C_GetInstance
                0x000021f8       0x4c ./drivers/fsl_lpi2c.o
                0x000021f8                LPI2C_GetInstance
 .text.LPI2C_GetCyclesForWidth
                0x00002244       0x9c ./drivers/fsl_lpi2c.o
 .text.LPI2C_MasterInit
                0x000022e0      0x208 ./drivers/fsl_lpi2c.o
                0x000022e0                LPI2C_MasterInit
 .text.LPI2C_MasterSetBaudRate
                0x000024e8      0x2c4 ./drivers/fsl_lpi2c.o
                0x000024e8                LPI2C_MasterSetBaudRate
 .text.__NVIC_EnableIRQ
                0x000027ac       0x3c ./drivers/fsl_lpi2c_edma.o
 .text.LPI2C_MasterCreateEDMAHandle
                0x000027e8       0xe4 ./drivers/fsl_lpi2c_edma.o
                0x000027e8                LPI2C_MasterCreateEDMAHandle
 .text.LPI2C_MasterTransferEDMA
                0x000028cc      0x30c ./drivers/fsl_lpi2c_edma.o
                0x000028cc                LPI2C_MasterTransferEDMA
 .text.LPI2C_MasterTransferEdmaHandleIRQ
                0x00002bd8      0x104 ./drivers/fsl_lpi2c_edma.o
 .text.RESET_SetPeripheralReset
                0x00002cdc       0x64 ./drivers/fsl_reset.o
                0x00002cdc                RESET_SetPeripheralReset
 .text.RESET_ClearPeripheralReset
                0x00002d40       0x64 ./drivers/fsl_reset.o
                0x00002d40                RESET_ClearPeripheralReset
 .text.SPC_SetSRAMOperateVoltage
                0x00002da4       0x58 ./drivers/fsl_spc.o
                0x00002da4                SPC_SetSRAMOperateVoltage
 .text.SPC_SetActiveModeCoreLDORegulatorConfig
                0x00002dfc       0x94 ./drivers/fsl_spc.o
                0x00002dfc                SPC_SetActiveModeCoreLDORegulatorConfig
 .text.SPC_SetActiveModeDCDCRegulatorConfig
                0x00002e90       0x68 ./drivers/fsl_spc.o
                0x00002e90                SPC_SetActiveModeDCDCRegulatorConfig
 .text.SystemInit
                0x00002ef8      0x124 ./device/system_MCXN947_cm33_core0.o
                0x00002ef8                SystemInit
 .text.BOARD_InitDebugConsole
                0x0000301c       0x2c ./board/board.o
                0x0000301c                BOARD_InitDebugConsole
 .text.BOARD_BootClockPLL150M
                0x00003048      0x174 ./board/clock_config.o
                0x00003048                BOARD_BootClockPLL150M
 .text.__NVIC_EnableIRQ
                0x000031bc       0x3c ./board/peripherals.o
 .text.__NVIC_SetPriority
                0x000031f8       0x54 ./board/peripherals.o
 .text.EDMA_SetChannelMux
                0x0000324c       0x4c ./board/peripherals.o
 .text.CTIMER0_init
                0x00003298       0x54 ./board/peripherals.o
 .text.CTIMER2_init
                0x000032ec       0x3c ./board/peripherals.o
 .text.LP_FLEXCOMM2_init
                0x00003328       0x70 ./board/peripherals.o
 .text.CTIMER4_init
                0x00003398       0x38 ./board/peripherals.o
 .text.BOARD_InitPeripherals
                0x000033d0       0x40 ./board/peripherals.o
                0x000033d0                BOARD_InitPeripherals
 .text.PORT_SetPinConfig
                0x00003410       0x38 ./board/pin_mux.o
 .text.BOARD_InitPins
                0x00003448      0x19c ./board/pin_mux.o
                0x00003448                BOARD_InitPins
 .text.malloc   0x000035e4       0xc8 D:/MCUXpressoIDE_25.6.136/ide/plugins/com.nxp.mcuxpresso.tools.win32_25.6.0.202501151204/tools/bin/../lib/gcc/arm-none-eabi/14.2.1/../../../../arm-none-eabi/lib/thumb/v8-m.main+fp/hard\libcr_c.a(alloc.o)
                0x000035e4                malloc
 .text._Csys_alloc
                0x000036ac       0x20 D:/MCUXpressoIDE_25.6.136/ide/plugins/com.nxp.mcuxpresso.tools.win32_25.6.0.202501151204/tools/bin/../lib/gcc/arm-none-eabi/14.2.1/../../../../arm-none-eabi/lib/thumb/v8-m.main+fp/hard\libcr_c.a(alloc.o)
                0x000036ac                _Csys_alloc
 .text._initio  0x000036cc       0x78 D:/MCUXpressoIDE_25.6.136/ide/plugins/com.nxp.mcuxpresso.tools.win32_25.6.0.202501151204/tools/bin/../lib/gcc/arm-none-eabi/14.2.1/../../../../arm-none-eabi/lib/thumb/v8-m.main+fp/hard\libcr_c.a(initio.o)
                0x000036cc                _initio
 .text.__vfprintf
                0x00003744      0xb64 D:/MCUXpressoIDE_25.6.136/ide/plugins/com.nxp.mcuxpresso.tools.win32_25.6.0.202501151204/tools/bin/../lib/gcc/arm-none-eabi/14.2.1/../../../../arm-none-eabi/lib/thumb/v8-m.main+fp/hard\libcr_c.a(printf.o)
                0x00003744                __vfprintf
 .text._vsnprintf
                0x000042a8       0x68 D:/MCUXpressoIDE_25.6.136/ide/plugins/com.nxp.mcuxpresso.tools.win32_25.6.0.202501151204/tools/bin/../lib/gcc/arm-none-eabi/14.2.1/../../../../arm-none-eabi/lib/thumb/v8-m.main+fp/hard\libcr_c.a(printf.o)
                0x000042a8                _vsnprintf
 .text._printf  0x00004310       0x54 D:/MCUXpressoIDE_25.6.136/ide/plugins/com.nxp.mcuxpresso.tools.win32_25.6.0.202501151204/tools/bin/../lib/gcc/arm-none-eabi/14.2.1/../../../../arm-none-eabi/lib/thumb/v8-m.main+fp/hard\libcr_c.a(printf.o)
                0x00004310                _printf
 .text._sbrk    0x00004364       0x3c D:/MCUXpressoIDE_25.6.136/ide/plugins/com.nxp.mcuxpresso.tools.win32_25.6.0.202501151204/tools/bin/../lib/gcc/arm-none-eabi/14.2.1/../../../../arm-none-eabi/lib/thumb/v8-m.main+fp/hard\libcr_c.a(_cr_sbrk.o)
                0x00004364                _sbrk
 .text._Cwritebuf
                0x000043a0       0x70 D:/MCUXpressoIDE_25.6.136/ide/plugins/com.nxp.mcuxpresso.tools.win32_25.6.0.202501151204/tools/bin/../lib/gcc/arm-none-eabi/14.2.1/../../../../arm-none-eabi/lib/thumb/v8-m.main+fp/hard\libcr_c.a(_writebuf.o)
                0x000043a0                _Cwritebuf
 .text.fflush   0x00004410       0x3c D:/MCUXpressoIDE_25.6.136/ide/plugins/com.nxp.mcuxpresso.tools.win32_25.6.0.202501151204/tools/bin/../lib/gcc/arm-none-eabi/14.2.1/../../../../arm-none-eabi/lib/thumb/v8-m.main+fp/hard\libcr_c.a(fflush.o)
                0x00004410                fflush
 .text.fseek    0x0000444c       0xf8 D:/MCUXpressoIDE_25.6.136/ide/plugins/com.nxp.mcuxpresso.tools.win32_25.6.0.202501151204/tools/bin/../lib/gcc/arm-none-eabi/14.2.1/../../../../arm-none-eabi/lib/thumb/v8-m.main+fp/hard\libcr_c.a(fseek.o)
                0x0000444c                fseek
 .text.ftell    0x00004544       0x44 D:/MCUXpressoIDE_25.6.136/ide/plugins/com.nxp.mcuxpresso.tools.win32_25.6.0.202501151204/tools/bin/../lib/gcc/arm-none-eabi/14.2.1/../../../../arm-none-eabi/lib/thumb/v8-m.main+fp/hard\libcr_c.a(ftell.o)
                0x00004544                ftell
 .text.__check_heap_overflow
                0x00004588       0x18 D:/MCUXpressoIDE_25.6.136/ide/plugins/com.nxp.mcuxpresso.tools.win32_25.6.0.202501151204/tools/bin/../lib/gcc/arm-none-eabi/14.2.1/../../../../arm-none-eabi/lib/thumb/v8-m.main+fp/hard\libcr_c.a(_cr_check_heap.o)
                0x00004588                __check_heap_overflow
 .text.__aeabi_dmul
                0x000045a0       0xfc D:/MCUXpressoIDE_25.6.136/ide/plugins/com.nxp.mcuxpresso.tools.win32_25.6.0.202501151204/tools/bin/../lib/gcc/arm-none-eabi/14.2.1/thumb/v8-m.main+fp/hard\libcr_eabihelpers.a(double.o)
                0x000045a0                __aeabi_dmul
 .text.__aeabi_ddiv
                0x0000469c      0x134 D:/MCUXpressoIDE_25.6.136/ide/plugins/com.nxp.mcuxpresso.tools.win32_25.6.0.202501151204/tools/bin/../lib/gcc/arm-none-eabi/14.2.1/thumb/v8-m.main+fp/hard\libcr_eabihelpers.a(double.o)
                0x0000469c                __aeabi_ddiv
 .text.__aeabi_dsub
                0x000047d0      0x1b4 D:/MCUXpressoIDE_25.6.136/ide/plugins/com.nxp.mcuxpresso.tools.win32_25.6.0.202501151204/tools/bin/../lib/gcc/arm-none-eabi/14.2.1/thumb/v8-m.main+fp/hard\libcr_eabihelpers.a(double.o)
                0x000047d0                __aeabi_dsub
 .text.__aeabi_dadd
                0x00004984      0x128 D:/MCUXpressoIDE_25.6.136/ide/plugins/com.nxp.mcuxpresso.tools.win32_25.6.0.202501151204/tools/bin/../lib/gcc/arm-none-eabi/14.2.1/thumb/v8-m.main+fp/hard\libcr_eabihelpers.a(double.o)
                0x00004984                __aeabi_dadd
 .text.__sys_appexit
                0x00004aac        0xc D:/MCUXpressoIDE_25.6.136/ide/plugins/com.nxp.mcuxpresso.tools.win32_25.6.0.202501151204/tools/bin/../lib/gcc/arm-none-eabi/14.2.1/../../../../arm-none-eabi/lib/thumb/v8-m.main+fp/hard\libcr_semihost_nf.a(__sys_appexit.o)
                0x00004aac                __sys_appexit
                0x00004aac                __exit
 .text.fsl_assert_hook
                0x00004ab8       0x1a ./utilities/fsl_assert.o
                0x00004ab8                fsl_assert_hook
 .text.OR_IRQHandler
                0x00004ad2        0x8 ./startup/startup_mcxn947_cm33_core0.o
                0x00004ad2                OR_IRQHandler
 .text.EDMA_0_CH0_IRQHandler
                0x00004ada        0x8 ./startup/startup_mcxn947_cm33_core0.o
                0x00004ada                EDMA_0_CH0_IRQHandler
 .text.EDMA_0_CH1_IRQHandler
                0x00004ae2        0x8 ./startup/startup_mcxn947_cm33_core0.o
                0x00004ae2                EDMA_0_CH1_IRQHandler
 .text.EDMA_0_CH2_IRQHandler
                0x00004aea        0x8 ./startup/startup_mcxn947_cm33_core0.o
                0x00004aea                EDMA_0_CH2_IRQHandler
 .text.EDMA_0_CH3_IRQHandler
                0x00004af2        0x8 ./startup/startup_mcxn947_cm33_core0.o
                0x00004af2                EDMA_0_CH3_IRQHandler
 .text.EDMA_0_CH4_IRQHandler
                0x00004afa        0x8 ./startup/startup_mcxn947_cm33_core0.o
                0x00004afa                EDMA_0_CH4_IRQHandler
 .text.EDMA_0_CH5_IRQHandler
                0x00004b02        0x8 ./startup/startup_mcxn947_cm33_core0.o
                0x00004b02                EDMA_0_CH5_IRQHandler
 .text.EDMA_0_CH6_IRQHandler
                0x00004b0a        0x8 ./startup/startup_mcxn947_cm33_core0.o
                0x00004b0a                EDMA_0_CH6_IRQHandler
 .text.EDMA_0_CH7_IRQHandler
                0x00004b12        0x8 ./startup/startup_mcxn947_cm33_core0.o
                0x00004b12                EDMA_0_CH7_IRQHandler
 .text.EDMA_0_CH8_IRQHandler
                0x00004b1a        0x8 ./startup/startup_mcxn947_cm33_core0.o
                0x00004b1a                EDMA_0_CH8_IRQHandler
 .text.EDMA_0_CH9_IRQHandler
                0x00004b22        0x8 ./startup/startup_mcxn947_cm33_core0.o
                0x00004b22                EDMA_0_CH9_IRQHandler
 .text.EDMA_0_CH10_IRQHandler
                0x00004b2a        0x8 ./startup/startup_mcxn947_cm33_core0.o
                0x00004b2a                EDMA_0_CH10_IRQHandler
 .text.EDMA_0_CH11_IRQHandler
                0x00004b32        0x8 ./startup/startup_mcxn947_cm33_core0.o
                0x00004b32                EDMA_0_CH11_IRQHandler
 .text.EDMA_0_CH12_IRQHandler
                0x00004b3a        0x8 ./startup/startup_mcxn947_cm33_core0.o
                0x00004b3a                EDMA_0_CH12_IRQHandler
 .text.EDMA_0_CH13_IRQHandler
                0x00004b42        0x8 ./startup/startup_mcxn947_cm33_core0.o
                0x00004b42                EDMA_0_CH13_IRQHandler
 .text.EDMA_0_CH14_IRQHandler
                0x00004b4a        0x8 ./startup/startup_mcxn947_cm33_core0.o
                0x00004b4a                EDMA_0_CH14_IRQHandler
 .text.EDMA_0_CH15_IRQHandler
                0x00004b52        0x8 ./startup/startup_mcxn947_cm33_core0.o
                0x00004b52                EDMA_0_CH15_IRQHandler
 .text.GPIO00_IRQHandler
                0x00004b5a        0x8 ./startup/startup_mcxn947_cm33_core0.o
                0x00004b5a                GPIO00_IRQHandler
 .text.GPIO01_IRQHandler
                0x00004b62        0x8 ./startup/startup_mcxn947_cm33_core0.o
                0x00004b62                GPIO01_IRQHandler
 .text.GPIO10_IRQHandler
                0x00004b6a        0x8 ./startup/startup_mcxn947_cm33_core0.o
                0x00004b6a                GPIO10_IRQHandler
 .text.GPIO11_IRQHandler
                0x00004b72        0x8 ./startup/startup_mcxn947_cm33_core0.o
                0x00004b72                GPIO11_IRQHandler
 .text.GPIO20_IRQHandler
                0x00004b7a        0x8 ./startup/startup_mcxn947_cm33_core0.o
                0x00004b7a                GPIO20_IRQHandler
 .text.GPIO21_IRQHandler
                0x00004b82        0x8 ./startup/startup_mcxn947_cm33_core0.o
                0x00004b82                GPIO21_IRQHandler
 .text.GPIO30_IRQHandler
                0x00004b8a        0x8 ./startup/startup_mcxn947_cm33_core0.o
                0x00004b8a                GPIO30_IRQHandler
 .text.GPIO31_IRQHandler
                0x00004b92        0x8 ./startup/startup_mcxn947_cm33_core0.o
                0x00004b92                GPIO31_IRQHandler
 .text.GPIO40_IRQHandler
                0x00004b9a        0x8 ./startup/startup_mcxn947_cm33_core0.o
                0x00004b9a                GPIO40_IRQHandler
 .text.GPIO41_IRQHandler
                0x00004ba2        0x8 ./startup/startup_mcxn947_cm33_core0.o
                0x00004ba2                GPIO41_IRQHandler
 .text.GPIO50_IRQHandler
                0x00004baa        0x8 ./startup/startup_mcxn947_cm33_core0.o
                0x00004baa                GPIO50_IRQHandler
 .text.GPIO51_IRQHandler
                0x00004bb2        0x8 ./startup/startup_mcxn947_cm33_core0.o
                0x00004bb2                GPIO51_IRQHandler
 .text.UTICK0_IRQHandler
                0x00004bba        0x8 ./startup/startup_mcxn947_cm33_core0.o
                0x00004bba                UTICK0_IRQHandler
 .text.MRT0_IRQHandler
                0x00004bc2        0x8 ./startup/startup_mcxn947_cm33_core0.o
                0x00004bc2                MRT0_IRQHandler
 .text.CTIMER0_IRQHandler
                0x00004bca        0x8 ./startup/startup_mcxn947_cm33_core0.o
                0x00004bca                CTIMER0_IRQHandler
 .text.CTIMER1_IRQHandler
                0x00004bd2        0x8 ./startup/startup_mcxn947_cm33_core0.o
                0x00004bd2                CTIMER1_IRQHandler
 .text.SCT0_IRQHandler
                0x00004bda        0x8 ./startup/startup_mcxn947_cm33_core0.o
                0x00004bda                SCT0_IRQHandler
 .text.CTIMER2_IRQHandler
                0x00004be2        0x8 ./startup/startup_mcxn947_cm33_core0.o
                0x00004be2                CTIMER2_IRQHandler
 .text.LP_FLEXCOMM0_IRQHandler
                0x00004bea        0x8 ./startup/startup_mcxn947_cm33_core0.o
                0x00004bea                LP_FLEXCOMM0_IRQHandler
 .text.LP_FLEXCOMM1_IRQHandler
                0x00004bf2        0x8 ./startup/startup_mcxn947_cm33_core0.o
                0x00004bf2                LP_FLEXCOMM1_IRQHandler
 .text.LP_FLEXCOMM2_IRQHandler
                0x00004bfa        0x8 ./startup/startup_mcxn947_cm33_core0.o
                0x00004bfa                LP_FLEXCOMM2_IRQHandler
 .text.LP_FLEXCOMM3_IRQHandler
                0x00004c02        0x8 ./startup/startup_mcxn947_cm33_core0.o
                0x00004c02                LP_FLEXCOMM3_IRQHandler
 .text.LP_FLEXCOMM4_IRQHandler
                0x00004c0a        0x8 ./startup/startup_mcxn947_cm33_core0.o
                0x00004c0a                LP_FLEXCOMM4_IRQHandler
 .text.LP_FLEXCOMM5_IRQHandler
                0x00004c12        0x8 ./startup/startup_mcxn947_cm33_core0.o
                0x00004c12                LP_FLEXCOMM5_IRQHandler
 .text.LP_FLEXCOMM6_IRQHandler
                0x00004c1a        0x8 ./startup/startup_mcxn947_cm33_core0.o
                0x00004c1a                LP_FLEXCOMM6_IRQHandler
 .text.LP_FLEXCOMM7_IRQHandler
                0x00004c22        0x8 ./startup/startup_mcxn947_cm33_core0.o
                0x00004c22                LP_FLEXCOMM7_IRQHandler
 .text.LP_FLEXCOMM8_IRQHandler
                0x00004c2a        0x8 ./startup/startup_mcxn947_cm33_core0.o
                0x00004c2a                LP_FLEXCOMM8_IRQHandler
 .text.LP_FLEXCOMM9_IRQHandler
                0x00004c32        0x8 ./startup/startup_mcxn947_cm33_core0.o
                0x00004c32                LP_FLEXCOMM9_IRQHandler
 .text.ADC0_IRQHandler
                0x00004c3a        0x8 ./startup/startup_mcxn947_cm33_core0.o
                0x00004c3a                ADC0_IRQHandler
 .text.ADC1_IRQHandler
                0x00004c42        0x8 ./startup/startup_mcxn947_cm33_core0.o
                0x00004c42                ADC1_IRQHandler
 .text.PINT0_IRQHandler
                0x00004c4a        0x8 ./startup/startup_mcxn947_cm33_core0.o
                0x00004c4a                PINT0_IRQHandler
 .text.PDM_EVENT_IRQHandler
                0x00004c52        0x8 ./startup/startup_mcxn947_cm33_core0.o
                0x00004c52                PDM_EVENT_IRQHandler
 .text.Reserved65_IRQHandler
                0x00004c5a        0x8 ./startup/startup_mcxn947_cm33_core0.o
                0x00004c5a                Reserved65_IRQHandler
 .text.USB0_FS_IRQHandler
                0x00004c62        0x8 ./startup/startup_mcxn947_cm33_core0.o
                0x00004c62                USB0_FS_IRQHandler
 .text.USB0_DCD_IRQHandler
                0x00004c6a        0x8 ./startup/startup_mcxn947_cm33_core0.o
                0x00004c6a                USB0_DCD_IRQHandler
 .text.RTC_IRQHandler
                0x00004c72        0x8 ./startup/startup_mcxn947_cm33_core0.o
                0x00004c72                RTC_IRQHandler
 .text.SMARTDMA_IRQHandler
                0x00004c7a        0x8 ./startup/startup_mcxn947_cm33_core0.o
                0x00004c7a                SMARTDMA_IRQHandler
 .text.MAILBOX_IRQHandler
                0x00004c82        0x8 ./startup/startup_mcxn947_cm33_core0.o
                0x00004c82                MAILBOX_IRQHandler
 .text.CTIMER3_IRQHandler
                0x00004c8a        0x8 ./startup/startup_mcxn947_cm33_core0.o
                0x00004c8a                CTIMER3_IRQHandler
 .text.CTIMER4_IRQHandler
                0x00004c92        0x8 ./startup/startup_mcxn947_cm33_core0.o
                0x00004c92                CTIMER4_IRQHandler
 .text.OS_EVENT_IRQHandler
                0x00004c9a        0x8 ./startup/startup_mcxn947_cm33_core0.o
                0x00004c9a                OS_EVENT_IRQHandler
 .text.FLEXSPI0_IRQHandler
                0x00004ca2        0x8 ./startup/startup_mcxn947_cm33_core0.o
                0x00004ca2                FLEXSPI0_IRQHandler
 .text.SAI0_IRQHandler
                0x00004caa        0x8 ./startup/startup_mcxn947_cm33_core0.o
                0x00004caa                SAI0_IRQHandler
 .text.SAI1_IRQHandler
                0x00004cb2        0x8 ./startup/startup_mcxn947_cm33_core0.o
                0x00004cb2                SAI1_IRQHandler
 .text.USDHC0_IRQHandler
                0x00004cba        0x8 ./startup/startup_mcxn947_cm33_core0.o
                0x00004cba                USDHC0_IRQHandler
 .text.CAN0_IRQHandler
                0x00004cc2        0x8 ./startup/startup_mcxn947_cm33_core0.o
                0x00004cc2                CAN0_IRQHandler
 .text.CAN1_IRQHandler
                0x00004cca        0x8 ./startup/startup_mcxn947_cm33_core0.o
                0x00004cca                CAN1_IRQHandler
 .text.Reserved80_IRQHandler
                0x00004cd2        0x8 ./startup/startup_mcxn947_cm33_core0.o
                0x00004cd2                Reserved80_IRQHandler
 .text.Reserved81_IRQHandler
                0x00004cda        0x8 ./startup/startup_mcxn947_cm33_core0.o
                0x00004cda                Reserved81_IRQHandler
 .text.USB1_HS_PHY_IRQHandler
                0x00004ce2        0x8 ./startup/startup_mcxn947_cm33_core0.o
                0x00004ce2                USB1_HS_PHY_IRQHandler
 .text.USB1_HS_IRQHandler
                0x00004cea        0x8 ./startup/startup_mcxn947_cm33_core0.o
                0x00004cea                USB1_HS_IRQHandler
 .text.SEC_HYPERVISOR_CALL_IRQHandler
                0x00004cf2        0x8 ./startup/startup_mcxn947_cm33_core0.o
                0x00004cf2                SEC_HYPERVISOR_CALL_IRQHandler
 .text.Reserved85_IRQHandler
                0x00004cfa        0x8 ./startup/startup_mcxn947_cm33_core0.o
                0x00004cfa                Reserved85_IRQHandler
 .text.PLU_IRQHandler
                0x00004d02        0x8 ./startup/startup_mcxn947_cm33_core0.o
                0x00004d02                PLU_IRQHandler
 .text.Freqme_IRQHandler
                0x00004d0a        0x8 ./startup/startup_mcxn947_cm33_core0.o
                0x00004d0a                Freqme_IRQHandler
 .text.SEC_VIO_IRQHandler
                0x00004d12        0x8 ./startup/startup_mcxn947_cm33_core0.o
                0x00004d12                SEC_VIO_IRQHandler
 .text.ELS_IRQHandler
                0x00004d1a        0x8 ./startup/startup_mcxn947_cm33_core0.o
                0x00004d1a                ELS_IRQHandler
 .text.PKC_IRQHandler
                0x00004d22        0x8 ./startup/startup_mcxn947_cm33_core0.o
                0x00004d22                PKC_IRQHandler
 .text.PUF_IRQHandler
                0x00004d2a        0x8 ./startup/startup_mcxn947_cm33_core0.o
                0x00004d2a                PUF_IRQHandler
 .text.PQ_IRQHandler
                0x00004d32        0x8 ./startup/startup_mcxn947_cm33_core0.o
                0x00004d32                PQ_IRQHandler
 .text.EDMA_1_CH0_IRQHandler
                0x00004d3a        0x8 ./startup/startup_mcxn947_cm33_core0.o
                0x00004d3a                EDMA_1_CH0_IRQHandler
 .text.EDMA_1_CH1_IRQHandler
                0x00004d42        0x8 ./startup/startup_mcxn947_cm33_core0.o
                0x00004d42                EDMA_1_CH1_IRQHandler
 .text.EDMA_1_CH2_IRQHandler
                0x00004d4a        0x8 ./startup/startup_mcxn947_cm33_core0.o
                0x00004d4a                EDMA_1_CH2_IRQHandler
 .text.EDMA_1_CH3_IRQHandler
                0x00004d52        0x8 ./startup/startup_mcxn947_cm33_core0.o
                0x00004d52                EDMA_1_CH3_IRQHandler
 .text.EDMA_1_CH4_IRQHandler
                0x00004d5a        0x8 ./startup/startup_mcxn947_cm33_core0.o
                0x00004d5a                EDMA_1_CH4_IRQHandler
 .text.EDMA_1_CH5_IRQHandler
                0x00004d62        0x8 ./startup/startup_mcxn947_cm33_core0.o
                0x00004d62                EDMA_1_CH5_IRQHandler
 .text.EDMA_1_CH6_IRQHandler
                0x00004d6a        0x8 ./startup/startup_mcxn947_cm33_core0.o
                0x00004d6a                EDMA_1_CH6_IRQHandler
 .text.EDMA_1_CH7_IRQHandler
                0x00004d72        0x8 ./startup/startup_mcxn947_cm33_core0.o
                0x00004d72                EDMA_1_CH7_IRQHandler
 .text.EDMA_1_CH8_IRQHandler
                0x00004d7a        0x8 ./startup/startup_mcxn947_cm33_core0.o
                0x00004d7a                EDMA_1_CH8_IRQHandler
 .text.EDMA_1_CH9_IRQHandler
                0x00004d82        0x8 ./startup/startup_mcxn947_cm33_core0.o
                0x00004d82                EDMA_1_CH9_IRQHandler
 .text.EDMA_1_CH10_IRQHandler
                0x00004d8a        0x8 ./startup/startup_mcxn947_cm33_core0.o
                0x00004d8a                EDMA_1_CH10_IRQHandler
 .text.EDMA_1_CH11_IRQHandler
                0x00004d92        0x8 ./startup/startup_mcxn947_cm33_core0.o
                0x00004d92                EDMA_1_CH11_IRQHandler
 .text.EDMA_1_CH12_IRQHandler
                0x00004d9a        0x8 ./startup/startup_mcxn947_cm33_core0.o
                0x00004d9a                EDMA_1_CH12_IRQHandler
 .text.EDMA_1_CH13_IRQHandler
                0x00004da2        0x8 ./startup/startup_mcxn947_cm33_core0.o
                0x00004da2                EDMA_1_CH13_IRQHandler
 .text.EDMA_1_CH14_IRQHandler
                0x00004daa        0x8 ./startup/startup_mcxn947_cm33_core0.o
                0x00004daa                EDMA_1_CH14_IRQHandler
 .text.EDMA_1_CH15_IRQHandler
                0x00004db2        0x8 ./startup/startup_mcxn947_cm33_core0.o
                0x00004db2                EDMA_1_CH15_IRQHandler
 .text.CDOG0_IRQHandler
                0x00004dba        0x8 ./startup/startup_mcxn947_cm33_core0.o
                0x00004dba                CDOG0_IRQHandler
 .text.CDOG1_IRQHandler
                0x00004dc2        0x8 ./startup/startup_mcxn947_cm33_core0.o
                0x00004dc2                CDOG1_IRQHandler
 .text.I3C0_IRQHandler
                0x00004dca        0x8 ./startup/startup_mcxn947_cm33_core0.o
                0x00004dca                I3C0_IRQHandler
 .text.I3C1_IRQHandler
                0x00004dd2        0x8 ./startup/startup_mcxn947_cm33_core0.o
                0x00004dd2                I3C1_IRQHandler
 .text.NPU_IRQHandler
                0x00004dda        0x8 ./startup/startup_mcxn947_cm33_core0.o
                0x00004dda                NPU_IRQHandler
 .text.GDET_IRQHandler
                0x00004de2        0x8 ./startup/startup_mcxn947_cm33_core0.o
                0x00004de2                GDET_IRQHandler
 .text.VBAT0_IRQHandler
                0x00004dea        0x8 ./startup/startup_mcxn947_cm33_core0.o
                0x00004dea                VBAT0_IRQHandler
 .text.EWM0_IRQHandler
                0x00004df2        0x8 ./startup/startup_mcxn947_cm33_core0.o
                0x00004df2                EWM0_IRQHandler
 .text.TSI_END_OF_SCAN_IRQHandler
                0x00004dfa        0x8 ./startup/startup_mcxn947_cm33_core0.o
                0x00004dfa                TSI_END_OF_SCAN_IRQHandler
 .text.TSI_OUT_OF_SCAN_IRQHandler
                0x00004e02        0x8 ./startup/startup_mcxn947_cm33_core0.o
                0x00004e02                TSI_OUT_OF_SCAN_IRQHandler
 .text.EMVSIM0_IRQHandler
                0x00004e0a        0x8 ./startup/startup_mcxn947_cm33_core0.o
                0x00004e0a                EMVSIM0_IRQHandler
 .text.EMVSIM1_IRQHandler
                0x00004e12        0x8 ./startup/startup_mcxn947_cm33_core0.o
                0x00004e12                EMVSIM1_IRQHandler
 .text.FLEXIO_IRQHandler
                0x00004e1a        0x8 ./startup/startup_mcxn947_cm33_core0.o
                0x00004e1a                FLEXIO_IRQHandler
 .text.DAC0_IRQHandler
                0x00004e22        0x8 ./startup/startup_mcxn947_cm33_core0.o
                0x00004e22                DAC0_IRQHandler
 .text.DAC1_IRQHandler
                0x00004e2a        0x8 ./startup/startup_mcxn947_cm33_core0.o
                0x00004e2a                DAC1_IRQHandler
 .text.DAC2_IRQHandler
                0x00004e32        0x8 ./startup/startup_mcxn947_cm33_core0.o
                0x00004e32                DAC2_IRQHandler
 .text.HSCMP0_IRQHandler
                0x00004e3a        0x8 ./startup/startup_mcxn947_cm33_core0.o
                0x00004e3a                HSCMP0_IRQHandler
 .text.HSCMP1_IRQHandler
                0x00004e42        0x8 ./startup/startup_mcxn947_cm33_core0.o
                0x00004e42                HSCMP1_IRQHandler
 .text.HSCMP2_IRQHandler
                0x00004e4a        0x8 ./startup/startup_mcxn947_cm33_core0.o
                0x00004e4a                HSCMP2_IRQHandler
 .text.FLEXPWM0_RELOAD_ERROR_IRQHandler
                0x00004e52        0x8 ./startup/startup_mcxn947_cm33_core0.o
                0x00004e52                FLEXPWM0_RELOAD_ERROR_IRQHandler
 .text.FLEXPWM0_FAULT_IRQHandler
                0x00004e5a        0x8 ./startup/startup_mcxn947_cm33_core0.o
                0x00004e5a                FLEXPWM0_FAULT_IRQHandler
 .text.FLEXPWM0_SUBMODULE0_IRQHandler
                0x00004e62        0x8 ./startup/startup_mcxn947_cm33_core0.o
                0x00004e62                FLEXPWM0_SUBMODULE0_IRQHandler
 .text.FLEXPWM0_SUBMODULE1_IRQHandler
                0x00004e6a        0x8 ./startup/startup_mcxn947_cm33_core0.o
                0x00004e6a                FLEXPWM0_SUBMODULE1_IRQHandler
 .text.FLEXPWM0_SUBMODULE2_IRQHandler
                0x00004e72        0x8 ./startup/startup_mcxn947_cm33_core0.o
                0x00004e72                FLEXPWM0_SUBMODULE2_IRQHandler
 .text.FLEXPWM0_SUBMODULE3_IRQHandler
                0x00004e7a        0x8 ./startup/startup_mcxn947_cm33_core0.o
                0x00004e7a                FLEXPWM0_SUBMODULE3_IRQHandler
 .text.FLEXPWM1_RELOAD_ERROR_IRQHandler
                0x00004e82        0x8 ./startup/startup_mcxn947_cm33_core0.o
                0x00004e82                FLEXPWM1_RELOAD_ERROR_IRQHandler
 .text.FLEXPWM1_FAULT_IRQHandler
                0x00004e8a        0x8 ./startup/startup_mcxn947_cm33_core0.o
                0x00004e8a                FLEXPWM1_FAULT_IRQHandler
 .text.FLEXPWM1_SUBMODULE0_IRQHandler
                0x00004e92        0x8 ./startup/startup_mcxn947_cm33_core0.o
                0x00004e92                FLEXPWM1_SUBMODULE0_IRQHandler
 .text.FLEXPWM1_SUBMODULE1_IRQHandler
                0x00004e9a        0x8 ./startup/startup_mcxn947_cm33_core0.o
                0x00004e9a                FLEXPWM1_SUBMODULE1_IRQHandler
 .text.FLEXPWM1_SUBMODULE2_IRQHandler
                0x00004ea2        0x8 ./startup/startup_mcxn947_cm33_core0.o
                0x00004ea2                FLEXPWM1_SUBMODULE2_IRQHandler
 .text.FLEXPWM1_SUBMODULE3_IRQHandler
                0x00004eaa        0x8 ./startup/startup_mcxn947_cm33_core0.o
                0x00004eaa                FLEXPWM1_SUBMODULE3_IRQHandler
 .text.QDC0_COMPARE_IRQHandler
                0x00004eb2        0x8 ./startup/startup_mcxn947_cm33_core0.o
                0x00004eb2                QDC0_COMPARE_IRQHandler
 .text.QDC0_HOME_IRQHandler
                0x00004eba        0x8 ./startup/startup_mcxn947_cm33_core0.o
                0x00004eba                QDC0_HOME_IRQHandler
 .text.QDC0_WDG_SAB_IRQHandler
                0x00004ec2        0x8 ./startup/startup_mcxn947_cm33_core0.o
                0x00004ec2                QDC0_WDG_SAB_IRQHandler
 .text.QDC0_IDX_IRQHandler
                0x00004eca        0x8 ./startup/startup_mcxn947_cm33_core0.o
                0x00004eca                QDC0_IDX_IRQHandler
 .text.QDC1_COMPARE_IRQHandler
                0x00004ed2        0x8 ./startup/startup_mcxn947_cm33_core0.o
                0x00004ed2                QDC1_COMPARE_IRQHandler
 .text.QDC1_HOME_IRQHandler
                0x00004eda        0x8 ./startup/startup_mcxn947_cm33_core0.o
                0x00004eda                QDC1_HOME_IRQHandler
 .text.QDC1_WDG_SAB_IRQHandler
                0x00004ee2        0x8 ./startup/startup_mcxn947_cm33_core0.o
                0x00004ee2                QDC1_WDG_SAB_IRQHandler
 .text.QDC1_IDX_IRQHandler
                0x00004eea        0x8 ./startup/startup_mcxn947_cm33_core0.o
                0x00004eea                QDC1_IDX_IRQHandler
 .text.ITRC0_IRQHandler
                0x00004ef2        0x8 ./startup/startup_mcxn947_cm33_core0.o
                0x00004ef2                ITRC0_IRQHandler
 .text.BSP32_IRQHandler
                0x00004efa        0x8 ./startup/startup_mcxn947_cm33_core0.o
                0x00004efa                BSP32_IRQHandler
 .text.ELS_ERR_IRQHandler
                0x00004f02        0x8 ./startup/startup_mcxn947_cm33_core0.o
                0x00004f02                ELS_ERR_IRQHandler
 .text.PKC_ERR_IRQHandler
                0x00004f0a        0x8 ./startup/startup_mcxn947_cm33_core0.o
                0x00004f0a                PKC_ERR_IRQHandler
 .text.ERM_SINGLE_BIT_ERROR_IRQHandler
                0x00004f12        0x8 ./startup/startup_mcxn947_cm33_core0.o
                0x00004f12                ERM_SINGLE_BIT_ERROR_IRQHandler
 .text.ERM_MULTI_BIT_ERROR_IRQHandler
                0x00004f1a        0x8 ./startup/startup_mcxn947_cm33_core0.o
                0x00004f1a                ERM_MULTI_BIT_ERROR_IRQHandler
 .text.FMU0_IRQHandler
                0x00004f22        0x8 ./startup/startup_mcxn947_cm33_core0.o
                0x00004f22                FMU0_IRQHandler
 .text.ETHERNET_IRQHandler
                0x00004f2a        0x8 ./startup/startup_mcxn947_cm33_core0.o
                0x00004f2a                ETHERNET_IRQHandler
 .text.ETHERNET_PMT_IRQHandler
                0x00004f32        0x8 ./startup/startup_mcxn947_cm33_core0.o
                0x00004f32                ETHERNET_PMT_IRQHandler
 .text.ETHERNET_MACLP_IRQHandler
                0x00004f3a        0x8 ./startup/startup_mcxn947_cm33_core0.o
                0x00004f3a                ETHERNET_MACLP_IRQHandler
 .text.SINC_FILTER_IRQHandler
                0x00004f42        0x8 ./startup/startup_mcxn947_cm33_core0.o
                0x00004f42                SINC_FILTER_IRQHandler
 .text.LPTMR0_IRQHandler
                0x00004f4a        0x8 ./startup/startup_mcxn947_cm33_core0.o
                0x00004f4a                LPTMR0_IRQHandler
 .text.LPTMR1_IRQHandler
                0x00004f52        0x8 ./startup/startup_mcxn947_cm33_core0.o
                0x00004f52                LPTMR1_IRQHandler
 .text.SCG_IRQHandler
                0x00004f5a        0x8 ./startup/startup_mcxn947_cm33_core0.o
                0x00004f5a                SCG_IRQHandler
 .text.SPC_IRQHandler
                0x00004f62        0x8 ./startup/startup_mcxn947_cm33_core0.o
                0x00004f62                SPC_IRQHandler
 .text.WUU_IRQHandler
                0x00004f6a        0x8 ./startup/startup_mcxn947_cm33_core0.o
                0x00004f6a                WUU_IRQHandler
 .text.PORT_EFT_IRQHandler
                0x00004f72        0x8 ./startup/startup_mcxn947_cm33_core0.o
                0x00004f72                PORT_EFT_IRQHandler
 .text.ETB0_IRQHandler
                0x00004f7a        0x8 ./startup/startup_mcxn947_cm33_core0.o
                0x00004f7a                ETB0_IRQHandler
 .text.Reserved166_IRQHandler
                0x00004f82        0x8 ./startup/startup_mcxn947_cm33_core0.o
                0x00004f82                Reserved166_IRQHandler
 .text.Reserved167_IRQHandler
                0x00004f8a        0x8 ./startup/startup_mcxn947_cm33_core0.o
                0x00004f8a                Reserved167_IRQHandler
 .text.WWDT0_IRQHandler
                0x00004f92        0x8 ./startup/startup_mcxn947_cm33_core0.o
                0x00004f92                WWDT0_IRQHandler
 .text.WWDT1_IRQHandler
                0x00004f9a        0x8 ./startup/startup_mcxn947_cm33_core0.o
                0x00004f9a                WWDT1_IRQHandler
 .text.CMC0_IRQHandler
                0x00004fa2        0x8 ./startup/startup_mcxn947_cm33_core0.o
                0x00004fa2                CMC0_IRQHandler
 .text.CTI0_IRQHandler
                0x00004faa        0x8 ./startup/startup_mcxn947_cm33_core0.o
                0x00004faa                CTI0_IRQHandler
 .text.GPIO_PinWrite
                0x00004fb2       0x36 ./source/hbridge.o
 .text.HbridgeSpeed
                0x00004fe8       0xd0 ./source/hbridge.o
                0x00004fe8                HbridgeSpeed
 .text.pixy_set_led
                0x000050b8       0x68 ./source/pixy.o
                0x000050b8                pixy_set_led
 .text.HardFault_Handler
                0x00005120       0x36 ./source/semihost_hardfault.o
                0x00005120                HardFault_Handler
 .text.CLOCK_GetPll0OutFreq
                0x00005156       0x88 ./drivers/fsl_clock.o
                0x00005156                CLOCK_GetPll0OutFreq
 .text.CLOCK_EnableClock
                0x000051de       0x8c ./drivers/fsl_ctimer.o
 .text.EnableIRQ
                0x0000526a       0x32 ./drivers/fsl_ctimer.o
 .text.CTIMER_GetStatusFlags
                0x0000529c       0x18 ./drivers/fsl_ctimer.o
 .text.CTIMER_ClearStatusFlags
                0x000052b4       0x1c ./drivers/fsl_ctimer.o
 .text.CTIMER0_DriverIRQHandler
                0x000052d0        0xe ./drivers/fsl_ctimer.o
                0x000052d0                CTIMER0_DriverIRQHandler
 .text.CTIMER1_DriverIRQHandler
                0x000052de        0xe ./drivers/fsl_ctimer.o
                0x000052de                CTIMER1_DriverIRQHandler
 .text.CTIMER2_DriverIRQHandler
                0x000052ec        0xe ./drivers/fsl_ctimer.o
                0x000052ec                CTIMER2_DriverIRQHandler
 .text.CTIMER3_DriverIRQHandler
                0x000052fa        0xe ./drivers/fsl_ctimer.o
                0x000052fa                CTIMER3_DriverIRQHandler
 .text.CTIMER4_DriverIRQHandler
                0x00005308        0xe ./drivers/fsl_ctimer.o
                0x00005308                CTIMER4_DriverIRQHandler
 .text.CLOCK_EnableClock
                0x00005316       0x8c ./drivers/fsl_edma.o
 .text.RESET_ReleasePeripheralReset
                0x000053a2       0x16 ./drivers/fsl_edma.o
 .text.EnableIRQ
                0x000053b8       0x32 ./drivers/fsl_edma.o
 .text.EDMA_AbortTransfer
                0x000053ea       0x40 ./drivers/fsl_edma.o
                0x000053ea                EDMA_AbortTransfer
 .text.EDMA_0_CH0_DriverIRQHandler
                0x0000542a       0x10 ./drivers/fsl_edma_soc.o
                0x0000542a                EDMA_0_CH0_DriverIRQHandler
 .text.EDMA_0_CH1_DriverIRQHandler
                0x0000543a       0x10 ./drivers/fsl_edma_soc.o
                0x0000543a                EDMA_0_CH1_DriverIRQHandler
 .text.EDMA_0_CH2_DriverIRQHandler
                0x0000544a       0x10 ./drivers/fsl_edma_soc.o
                0x0000544a                EDMA_0_CH2_DriverIRQHandler
 .text.EDMA_0_CH3_DriverIRQHandler
                0x0000545a       0x10 ./drivers/fsl_edma_soc.o
                0x0000545a                EDMA_0_CH3_DriverIRQHandler
 .text.EDMA_0_CH4_DriverIRQHandler
                0x0000546a       0x10 ./drivers/fsl_edma_soc.o
                0x0000546a                EDMA_0_CH4_DriverIRQHandler
 .text.EDMA_0_CH5_DriverIRQHandler
                0x0000547a       0x10 ./drivers/fsl_edma_soc.o
                0x0000547a                EDMA_0_CH5_DriverIRQHandler
 .text.EDMA_0_CH6_DriverIRQHandler
                0x0000548a       0x10 ./drivers/fsl_edma_soc.o
                0x0000548a                EDMA_0_CH6_DriverIRQHandler
 .text.EDMA_0_CH7_DriverIRQHandler
                0x0000549a       0x10 ./drivers/fsl_edma_soc.o
                0x0000549a                EDMA_0_CH7_DriverIRQHandler
 .text.EDMA_0_CH8_DriverIRQHandler
                0x000054aa       0x10 ./drivers/fsl_edma_soc.o
                0x000054aa                EDMA_0_CH8_DriverIRQHandler
 .text.EDMA_0_CH9_DriverIRQHandler
                0x000054ba       0x10 ./drivers/fsl_edma_soc.o
                0x000054ba                EDMA_0_CH9_DriverIRQHandler
 .text.EDMA_0_CH10_DriverIRQHandler
                0x000054ca       0x10 ./drivers/fsl_edma_soc.o
                0x000054ca                EDMA_0_CH10_DriverIRQHandler
 .text.EDMA_0_CH11_DriverIRQHandler
                0x000054da       0x10 ./drivers/fsl_edma_soc.o
                0x000054da                EDMA_0_CH11_DriverIRQHandler
 .text.EDMA_0_CH12_DriverIRQHandler
                0x000054ea       0x10 ./drivers/fsl_edma_soc.o
                0x000054ea                EDMA_0_CH12_DriverIRQHandler
 .text.EDMA_0_CH13_DriverIRQHandler
                0x000054fa       0x10 ./drivers/fsl_edma_soc.o
                0x000054fa                EDMA_0_CH13_DriverIRQHandler
 .text.EDMA_0_CH14_DriverIRQHandler
                0x0000550a       0x10 ./drivers/fsl_edma_soc.o
                0x0000550a                EDMA_0_CH14_DriverIRQHandler
 .text.EDMA_0_CH15_DriverIRQHandler
                0x0000551a       0x10 ./drivers/fsl_edma_soc.o
                0x0000551a                EDMA_0_CH15_DriverIRQHandler
 .text.EDMA_1_CH0_DriverIRQHandler
                0x0000552a       0x10 ./drivers/fsl_edma_soc.o
                0x0000552a                EDMA_1_CH0_DriverIRQHandler
 .text.EDMA_1_CH1_DriverIRQHandler
                0x0000553a       0x10 ./drivers/fsl_edma_soc.o
                0x0000553a                EDMA_1_CH1_DriverIRQHandler
 .text.EDMA_1_CH2_DriverIRQHandler
                0x0000554a       0x10 ./drivers/fsl_edma_soc.o
                0x0000554a                EDMA_1_CH2_DriverIRQHandler
 .text.EDMA_1_CH3_DriverIRQHandler
                0x0000555a       0x10 ./drivers/fsl_edma_soc.o
                0x0000555a                EDMA_1_CH3_DriverIRQHandler
 .text.EDMA_1_CH4_DriverIRQHandler
                0x0000556a       0x10 ./drivers/fsl_edma_soc.o
                0x0000556a                EDMA_1_CH4_DriverIRQHandler
 .text.EDMA_1_CH5_DriverIRQHandler
                0x0000557a       0x10 ./drivers/fsl_edma_soc.o
                0x0000557a                EDMA_1_CH5_DriverIRQHandler
 .text.EDMA_1_CH6_DriverIRQHandler
                0x0000558a       0x10 ./drivers/fsl_edma_soc.o
                0x0000558a                EDMA_1_CH6_DriverIRQHandler
 .text.EDMA_1_CH7_DriverIRQHandler
                0x0000559a       0x10 ./drivers/fsl_edma_soc.o
                0x0000559a                EDMA_1_CH7_DriverIRQHandler
 .text.EDMA_1_CH8_DriverIRQHandler
                0x000055aa       0x10 ./drivers/fsl_edma_soc.o
                0x000055aa                EDMA_1_CH8_DriverIRQHandler
 .text.EDMA_1_CH9_DriverIRQHandler
                0x000055ba       0x10 ./drivers/fsl_edma_soc.o
                0x000055ba                EDMA_1_CH9_DriverIRQHandler
 .text.EDMA_1_CH10_DriverIRQHandler
                0x000055ca       0x10 ./drivers/fsl_edma_soc.o
                0x000055ca                EDMA_1_CH10_DriverIRQHandler
 .text.EDMA_1_CH11_DriverIRQHandler
                0x000055da       0x10 ./drivers/fsl_edma_soc.o
                0x000055da                EDMA_1_CH11_DriverIRQHandler
 .text.EDMA_1_CH12_DriverIRQHandler
                0x000055ea       0x10 ./drivers/fsl_edma_soc.o
                0x000055ea                EDMA_1_CH12_DriverIRQHandler
 .text.EDMA_1_CH13_DriverIRQHandler
                0x000055fa       0x10 ./drivers/fsl_edma_soc.o
                0x000055fa                EDMA_1_CH13_DriverIRQHandler
 .text.EDMA_1_CH14_DriverIRQHandler
                0x0000560a       0x10 ./drivers/fsl_edma_soc.o
                0x0000560a                EDMA_1_CH14_DriverIRQHandler
 .text.EDMA_1_CH15_DriverIRQHandler
                0x0000561a       0x10 ./drivers/fsl_edma_soc.o
                0x0000561a                EDMA_1_CH15_DriverIRQHandler
 .text.CLOCK_EnableClock
                0x0000562a       0x8c ./drivers/fsl_gpio.o
 .text.CLOCK_DisableClock
                0x000056b6       0xb0 ./drivers/fsl_gpio.o
 .text.GPIO_PinWrite
                0x00005766       0x36 ./drivers/fsl_gpio.o
 .text.CLOCK_EnableClock
                0x0000579c       0x8c ./drivers/fsl_lpflexcomm.o
 .text.LP_FLEXCOMM_PeripheralIsPresent
                0x00005828       0x52 ./drivers/fsl_lpflexcomm.o
 .text.LP_FLEXCOMM0_DriverIRQHandler
                0x0000587a        0xe ./drivers/fsl_lpflexcomm.o
                0x0000587a                LP_FLEXCOMM0_DriverIRQHandler
 .text.LP_FLEXCOMM1_DriverIRQHandler
                0x00005888        0xe ./drivers/fsl_lpflexcomm.o
                0x00005888                LP_FLEXCOMM1_DriverIRQHandler
 .text.LP_FLEXCOMM2_DriverIRQHandler
                0x00005896        0xe ./drivers/fsl_lpflexcomm.o
                0x00005896                LP_FLEXCOMM2_DriverIRQHandler
 .text.LP_FLEXCOMM3_DriverIRQHandler
                0x000058a4        0xe ./drivers/fsl_lpflexcomm.o
                0x000058a4                LP_FLEXCOMM3_DriverIRQHandler
 .text.LP_FLEXCOMM4_DriverIRQHandler
                0x000058b2        0xe ./drivers/fsl_lpflexcomm.o
                0x000058b2                LP_FLEXCOMM4_DriverIRQHandler
 .text.LP_FLEXCOMM5_DriverIRQHandler
                0x000058c0        0xe ./drivers/fsl_lpflexcomm.o
                0x000058c0                LP_FLEXCOMM5_DriverIRQHandler
 .text.LP_FLEXCOMM6_DriverIRQHandler
                0x000058ce        0xe ./drivers/fsl_lpflexcomm.o
                0x000058ce                LP_FLEXCOMM6_DriverIRQHandler
 .text.LP_FLEXCOMM7_DriverIRQHandler
                0x000058dc        0xe ./drivers/fsl_lpflexcomm.o
                0x000058dc                LP_FLEXCOMM7_DriverIRQHandler
 .text.LP_FLEXCOMM8_DriverIRQHandler
                0x000058ea        0xe ./drivers/fsl_lpflexcomm.o
                0x000058ea                LP_FLEXCOMM8_DriverIRQHandler
 .text.LP_FLEXCOMM9_DriverIRQHandler
                0x000058f8        0xe ./drivers/fsl_lpflexcomm.o
                0x000058f8                LP_FLEXCOMM9_DriverIRQHandler
 .text.CLOCK_EnableClock
                0x00005906       0x8c ./drivers/fsl_lpi2c.o
 .text.LPI2C_MasterReset
                0x00005992       0x20 ./drivers/fsl_lpi2c.o
 .text.LPI2C_MasterEnable
                0x000059b2       0x32 ./drivers/fsl_lpi2c.o
 .text.LPI2C_MasterGetStatusFlags
                0x000059e4       0x18 ./drivers/fsl_lpi2c.o
 .text.LPI2C_MasterClearStatusFlags
                0x000059fc       0x1c ./drivers/fsl_lpi2c.o
 .text.LPI2C_MasterSetWatermarks
                0x00005a18       0x2c ./drivers/fsl_lpi2c.o
 .text.LPI2C_MasterCheckAndClearError
                0x00005a44       0x80 ./drivers/fsl_lpi2c.o
                0x00005a44                LPI2C_MasterCheckAndClearError
 .text.LPI2C_CheckForBusyBus
                0x00005ac4       0x38 ./drivers/fsl_lpi2c.o
                0x00005ac4                LPI2C_CheckForBusyBus
 .text.EnableIRQ
                0x00005afc       0x32 ./drivers/fsl_lpi2c_edma.o
 .text.LPI2C_MasterGetStatusFlags
                0x00005b2e       0x18 ./drivers/fsl_lpi2c_edma.o
 .text.LPI2C_MasterClearStatusFlags
                0x00005b46       0x1c ./drivers/fsl_lpi2c_edma.o
 .text.LPI2C_MasterEnableInterrupts
                0x00005b62       0x22 ./drivers/fsl_lpi2c_edma.o
 .text.LPI2C_MasterDisableInterrupts
                0x00005b84       0x24 ./drivers/fsl_lpi2c_edma.o
 .text.LPI2C_MasterEnableDMA
                0x00005ba8       0x3a ./drivers/fsl_lpi2c_edma.o
 .text.LPI2C_MasterGetTxFifoAddress
                0x00005be2       0x18 ./drivers/fsl_lpi2c_edma.o
 .text.LPI2C_MasterGetRxFifoAddress
                0x00005bfa       0x18 ./drivers/fsl_lpi2c_edma.o
 .text.LPI2C_GenerateCommands
                0x00005c12      0x164 ./drivers/fsl_lpi2c_edma.o
 .text.LPI2C_MasterEDMACallback
                0x00005d76       0x74 ./drivers/fsl_lpi2c_edma.o
 .text.RESET_PeripheralReset
                0x00005dea       0x1c ./drivers/fsl_reset.o
                0x00005dea                RESET_PeripheralReset
 .text.SPC_GetActiveModeBandgapMode
                0x00005e06       0x22 ./drivers/fsl_spc.o
 .text.SPC_GetActiveModeVoltageDetectStatus
                0x00005e28       0x22 ./drivers/fsl_spc.o
 .text.SPC_GetActiveModeCoreLDOVDDVoltageLevel
                0x00005e4a       0x22 ./drivers/fsl_spc.o
 .text.SPC_GetActiveModeCoreLDODriveStrength
                0x00005e6c       0x22 ./drivers/fsl_spc.o
 .text.SPC_SetActiveModeDCDCRegulatorVoltageLevel
                0x00005e8e       0x32 ./drivers/fsl_spc.o
 .text.SPC_SetActiveModeCoreLDORegulatorVoltageLevel
                0x00005ec0       0x60 ./drivers/fsl_spc.o
                0x00005ec0                SPC_SetActiveModeCoreLDORegulatorVoltageLevel
 .text.SPC_SetActiveModeCoreLDORegulatorDriveStrength
                0x00005f20       0x5e ./drivers/fsl_spc.o
                0x00005f20                SPC_SetActiveModeCoreLDORegulatorDriveStrength
 .text.SPC_SetActiveModeDCDCRegulatorDriveStrength
                0x00005f7e       0x48 ./drivers/fsl_spc.o
                0x00005f7e                SPC_SetActiveModeDCDCRegulatorDriveStrength
 .text.SystemInitHook
                0x00005fc6        0xe ./device/system_MCXN947_cm33_core0.o
                0x00005fc6                SystemInitHook
 .text.DbgConsole_Error
                0x00005fd4       0x10 ./board/board.o
 .text.CLOCK_EnableClock
                0x00005fe4       0x8c ./board/clock_config.o
 .text.BOARD_InitBootClocks
                0x00006070        0xc ./board/clock_config.o
                0x00006070                BOARD_InitBootClocks
 .text.BOARD_InitHardware
                0x0000607c       0x36 ./board/hardware_init.o
                0x0000607c                BOARD_InitHardware
 .text.EnableIRQ
                0x000060b2       0x32 ./board/peripherals.o
 .text.CTIMER_StartTimer
                0x000060e4       0x20 ./board/peripherals.o
 .text.GPIO0_init
                0x00006104       0x14 ./board/peripherals.o
 .text.BOARD_InitPeripherals_CommonPostInit
                0x00006118       0x32 ./board/peripherals.o
 .text.BOARD_InitBootPeripherals
                0x0000614a        0xc ./board/peripherals.o
                0x0000614a                BOARD_InitBootPeripherals
 .text.CLOCK_EnableClock
                0x00006156       0x8c ./board/pin_mux.o
 .text.PORT_SetPinMux
                0x000061e2       0x3e ./board/pin_mux.o
 .text.BOARD_InitBootPins
                0x00006220        0xc ./board/pin_mux.o
                0x00006220                BOARD_InitBootPins
 .text.__main   0x0000622c        0xe D:/MCUXpressoIDE_25.6.136/ide/plugins/com.nxp.mcuxpresso.tools.win32_25.6.0.202501151204/tools/bin/../lib/gcc/arm-none-eabi/14.2.1/../../../../arm-none-eabi/lib/thumb/v8-m.main+fp/hard\libcr_semihost_nf.a(_cr__main.o)
                0x0000622c                __CR_SEMIHOST
                0x0000622c                __main
 .text.memset   0x0000623a        0x4 D:/MCUXpressoIDE_25.6.136/ide/plugins/com.nxp.mcuxpresso.tools.win32_25.6.0.202501151204/tools/bin/../lib/gcc/arm-none-eabi/14.2.1/../../../../arm-none-eabi/lib/thumb/v8-m.main+fp/hard\libcr_c.a(memset.o)
                0x0000623a                memset
 .text.free     0x0000623e       0x30 D:/MCUXpressoIDE_25.6.136/ide/plugins/com.nxp.mcuxpresso.tools.win32_25.6.0.202501151204/tools/bin/../lib/gcc/arm-none-eabi/14.2.1/../../../../arm-none-eabi/lib/thumb/v8-m.main+fp/hard\libcr_c.a(alloc.o)
                0x0000623e                free
 .text.no_fp_display
                0x0000626e        0x4 D:/MCUXpressoIDE_25.6.136/ide/plugins/com.nxp.mcuxpresso.tools.win32_25.6.0.202501151204/tools/bin/../lib/gcc/arm-none-eabi/14.2.1/../../../../arm-none-eabi/lib/thumb/v8-m.main+fp/hard\libcr_c.a(printf.o)
 .text.setvbuf  0x00006272       0x3e D:/MCUXpressoIDE_25.6.136/ide/plugins/com.nxp.mcuxpresso.tools.win32_25.6.0.202501151204/tools/bin/../lib/gcc/arm-none-eabi/14.2.1/../../../../arm-none-eabi/lib/thumb/v8-m.main+fp/hard\libcr_c.a(setvbuf.o)
                0x00006272                setvbuf
 .text.strlen   0x000062b0       0x4e D:/MCUXpressoIDE_25.6.136/ide/plugins/com.nxp.mcuxpresso.tools.win32_25.6.0.202501151204/tools/bin/../lib/gcc/arm-none-eabi/14.2.1/../../../../arm-none-eabi/lib/thumb/v8-m.main+fp/hard\libcr_c.a(strlen.o)
                0x000062b0                strlen
 .text._deferredlazyseek
                0x000062fe       0x40 D:/MCUXpressoIDE_25.6.136/ide/plugins/com.nxp.mcuxpresso.tools.win32_25.6.0.202501151204/tools/bin/../lib/gcc/arm-none-eabi/14.2.1/../../../../arm-none-eabi/lib/thumb/v8-m.main+fp/hard\libcr_c.a(_deferredlazyseek.o)
                0x000062fe                _deferredlazyseek
 .text.__flsbuf
                0x0000633e      0x12a D:/MCUXpressoIDE_25.6.136/ide/plugins/com.nxp.mcuxpresso.tools.win32_25.6.0.202501151204/tools/bin/../lib/gcc/arm-none-eabi/14.2.1/../../../../arm-none-eabi/lib/thumb/v8-m.main+fp/hard\libcr_c.a(_deferredlazyseek.o)
                0x0000633e                __flsbuf
 .text._fdopen  0x00006468       0x68 D:/MCUXpressoIDE_25.6.136/ide/plugins/com.nxp.mcuxpresso.tools.win32_25.6.0.202501151204/tools/bin/../lib/gcc/arm-none-eabi/14.2.1/../../../../arm-none-eabi/lib/thumb/v8-m.main+fp/hard\libcr_c.a(_fdopen.o)
                0x00006468                _fdopen
 .text._fflush  0x000064d0       0x52 D:/MCUXpressoIDE_25.6.136/ide/plugins/com.nxp.mcuxpresso.tools.win32_25.6.0.202501151204/tools/bin/../lib/gcc/arm-none-eabi/14.2.1/../../../../arm-none-eabi/lib/thumb/v8-m.main+fp/hard\libcr_c.a(_fflush.o)
                0x000064d0                _fflush
 .text.fclose   0x00006522       0x58 D:/MCUXpressoIDE_25.6.136/ide/plugins/com.nxp.mcuxpresso.tools.win32_25.6.0.202501151204/tools/bin/../lib/gcc/arm-none-eabi/14.2.1/../../../../arm-none-eabi/lib/thumb/v8-m.main+fp/hard\libcr_c.a(fclose.o)
                0x00006522                fclose
 .text.remove   0x0000657a       0x14 D:/MCUXpressoIDE_25.6.136/ide/plugins/com.nxp.mcuxpresso.tools.win32_25.6.0.202501151204/tools/bin/../lib/gcc/arm-none-eabi/14.2.1/../../../../arm-none-eabi/lib/thumb/v8-m.main+fp/hard\libcr_c.a(remove.o)
                0x0000657a                remove
 .text._do_fflush
                0x0000658e       0x40 D:/MCUXpressoIDE_25.6.136/ide/plugins/com.nxp.mcuxpresso.tools.win32_25.6.0.202501151204/tools/bin/../lib/gcc/arm-none-eabi/14.2.1/../../../../arm-none-eabi/lib/thumb/v8-m.main+fp/hard\libcr_c.a(_do_fflush.o)
                0x0000658e                _do_fflush
 .text.__aeabi_division_uldivmod
                0x000065ce      0x174 D:/MCUXpressoIDE_25.6.136/ide/plugins/com.nxp.mcuxpresso.tools.win32_25.6.0.202501151204/tools/bin/../lib/gcc/arm-none-eabi/14.2.1/thumb/v8-m.main+fp/hard\libcr_eabihelpers.a(division_64.o)
                0x000065ce                __aeabi_uldivmod
                0x000065d2                __bhs_ldivmod1
 .text.__aeabi_division_idiv0
                0x00006742        0x2 D:/MCUXpressoIDE_25.6.136/ide/plugins/com.nxp.mcuxpresso.tools.win32_25.6.0.202501151204/tools/bin/../lib/gcc/arm-none-eabi/14.2.1/thumb/v8-m.main+fp/hard\libcr_eabihelpers.a(division_idiv0.o)
                0x00006742                __aeabi_idiv0
 .text.__aeabi_d2uiz
                0x00006744       0x34 D:/MCUXpressoIDE_25.6.136/ide/plugins/com.nxp.mcuxpresso.tools.win32_25.6.0.202501151204/tools/bin/../lib/gcc/arm-none-eabi/14.2.1/thumb/v8-m.main+fp/hard\libcr_eabihelpers.a(double.o)
                0x00006744                __aeabi_d2uiz
 .text.__bhs_ui2d
                0x00006778       0x46 D:/MCUXpressoIDE_25.6.136/ide/plugins/com.nxp.mcuxpresso.tools.win32_25.6.0.202501151204/tools/bin/../lib/gcc/arm-none-eabi/14.2.1/thumb/v8-m.main+fp/hard\libcr_eabihelpers.a(double.o)
                0x00006778                __bhs_ui2d
 .text.__aeabi_ui2d
                0x000067be        0x8 D:/MCUXpressoIDE_25.6.136/ide/plugins/com.nxp.mcuxpresso.tools.win32_25.6.0.202501151204/tools/bin/../lib/gcc/arm-none-eabi/14.2.1/thumb/v8-m.main+fp/hard\libcr_eabihelpers.a(double.o)
                0x000067be                __aeabi_ui2d
 .text.__aeabi_dcmplt
                0x000067c6       0x56 D:/MCUXpressoIDE_25.6.136/ide/plugins/com.nxp.mcuxpresso.tools.win32_25.6.0.202501151204/tools/bin/../lib/gcc/arm-none-eabi/14.2.1/thumb/v8-m.main+fp/hard\libcr_eabihelpers.a(double.o)
                0x000067c6                __aeabi_dcmplt
 .text.__aeabi_dcmpgt
                0x0000681c       0x56 D:/MCUXpressoIDE_25.6.136/ide/plugins/com.nxp.mcuxpresso.tools.win32_25.6.0.202501151204/tools/bin/../lib/gcc/arm-none-eabi/14.2.1/thumb/v8-m.main+fp/hard\libcr_eabihelpers.a(double.o)
                0x0000681c                __aeabi_dcmpgt
 .text.__aeabi_f2ulz
                0x00006872       0x3e D:/MCUXpressoIDE_25.6.136/ide/plugins/com.nxp.mcuxpresso.tools.win32_25.6.0.202501151204/tools/bin/../lib/gcc/arm-none-eabi/14.2.1/thumb/v8-m.main+fp/hard\libcr_eabihelpers.a(float.o)
                0x00006872                __aeabi_f2ulz
 .text.__aeabi_memset_lowlevel
                0x000068b0       0x32 D:/MCUXpressoIDE_25.6.136/ide/plugins/com.nxp.mcuxpresso.tools.win32_25.6.0.202501151204/tools/bin/../lib/gcc/arm-none-eabi/14.2.1/thumb/v8-m.main+fp/hard\libcr_eabihelpers.a(memcpy.o)
                0x000068b0                __aeabi_lowlevel_memset
 .text.__sys_close
                0x000068e2        0xc D:/MCUXpressoIDE_25.6.136/ide/plugins/com.nxp.mcuxpresso.tools.win32_25.6.0.202501151204/tools/bin/../lib/gcc/arm-none-eabi/14.2.1/../../../../arm-none-eabi/lib/thumb/v8-m.main+fp/hard\libcr_semihost_nf.a(__sys_close.o)
                0x000068e2                __sys_close
 .text.__sys_flen
                0x000068ee        0xc D:/MCUXpressoIDE_25.6.136/ide/plugins/com.nxp.mcuxpresso.tools.win32_25.6.0.202501151204/tools/bin/../lib/gcc/arm-none-eabi/14.2.1/../../../../arm-none-eabi/lib/thumb/v8-m.main+fp/hard\libcr_semihost_nf.a(__sys_flen.o)
                0x000068ee                __sys_flen
 .text.__sys_istty
                0x000068fa        0xc D:/MCUXpressoIDE_25.6.136/ide/plugins/com.nxp.mcuxpresso.tools.win32_25.6.0.202501151204/tools/bin/../lib/gcc/arm-none-eabi/14.2.1/../../../../arm-none-eabi/lib/thumb/v8-m.main+fp/hard\libcr_semihost_nf.a(__sys_istty.o)
                0x000068fa                __sys_istty
 .text.__sys_remove
                0x00006906        0xc D:/MCUXpressoIDE_25.6.136/ide/plugins/com.nxp.mcuxpresso.tools.win32_25.6.0.202501151204/tools/bin/../lib/gcc/arm-none-eabi/14.2.1/../../../../arm-none-eabi/lib/thumb/v8-m.main+fp/hard\libcr_semihost_nf.a(__sys_remove.o)
                0x00006906                __sys_remove
 .text.__sys_seek
                0x00006912        0xc D:/MCUXpressoIDE_25.6.136/ide/plugins/com.nxp.mcuxpresso.tools.win32_25.6.0.202501151204/tools/bin/../lib/gcc/arm-none-eabi/14.2.1/../../../../arm-none-eabi/lib/thumb/v8-m.main+fp/hard\libcr_semihost_nf.a(__sys_seek.o)
                0x00006912                __sys_seek
 .text.__sys_tmpnam
                0x0000691e        0xc D:/MCUXpressoIDE_25.6.136/ide/plugins/com.nxp.mcuxpresso.tools.win32_25.6.0.202501151204/tools/bin/../lib/gcc/arm-none-eabi/14.2.1/../../../../arm-none-eabi/lib/thumb/v8-m.main+fp/hard\libcr_semihost_nf.a(__sys_tmpnam.o)
                0x0000691e                __sys_tmpnam
 .text.__sys_write
                0x0000692a        0xc D:/MCUXpressoIDE_25.6.136/ide/plugins/com.nxp.mcuxpresso.tools.win32_25.6.0.202501151204/tools/bin/../lib/gcc/arm-none-eabi/14.2.1/../../../../arm-none-eabi/lib/thumb/v8-m.main+fp/hard\libcr_semihost_nf.a(__sys_write.o)
                0x0000692a                __sys_write
 *(SORT_BY_ALIGNMENT(.rodata) SORT_BY_ALIGNMENT(.rodata.*) SORT_BY_ALIGNMENT(.constdata) SORT_BY_ALIGNMENT(.constdata.*))
 *fill*         0x00006936        0x2 ff
 .rodata.__assertion_failed.str1.4
                0x00006938      0xdc4 ./utilities/fsl_assert.o
                                 0x14 (size before relaxing)
 .rodata.s_ctimerBases
                0x000076fc       0x14 ./drivers/fsl_ctimer.o
 .rodata.s_ctimerClocks
                0x00007710        0xa ./drivers/fsl_ctimer.o
 *fill*         0x0000771a        0x2 ff
 .rodata.s_ctimerResets
                0x0000771c       0x14 ./drivers/fsl_ctimer.o
 .rodata.s_ctimerIRQ
                0x00007730        0xa ./drivers/fsl_ctimer.o
 .rodata.CTIMER_GetInstance.str1.4
                0x0000773a       0x2e ./drivers/fsl_ctimer.o
 .rodata.CTIMER_Init.str1.4
                0x0000773a       0x21 ./drivers/fsl_ctimer.o
 .rodata.CTIMER_UpdatePwmDutycycle.str1.4
                0x0000773a       0x2c ./drivers/fsl_ctimer.o
 .rodata.EDMA_SetChannelMux.str1.4
                0x0000773a       0x4e ./drivers/fsl_edma.o
 .rodata.EDMA_EnableChannelMasterIDReplication.str1.4
                0x0000773a       0x4e ./drivers/fsl_edma.o
 .rodata.EDMA_SetChannelSecurityLevel.str1.4
                0x0000773a       0x4e ./drivers/fsl_edma.o
 .rodata.EDMA_SetChannelProtectionLevel.str1.4
                0x0000773a       0x4e ./drivers/fsl_edma.o
 *fill*         0x0000773a        0x2 ff
 .rodata.s_edmaBases
                0x0000773c        0x8 ./drivers/fsl_edma.o
 .rodata.s_edmaClockName
                0x00007744        0x4 ./drivers/fsl_edma.o
 .rodata.s_edmaResets
                0x00007748        0x8 ./drivers/fsl_edma.o
 .rodata.s_edmaIRQNumber
                0x00007750       0x40 ./drivers/fsl_edma.o
 .rodata.EDMA_GetInstance.str1.4
                0x00007790       0x33 ./drivers/fsl_edma.o
 .rodata.EDMA_Init.str1.4
                0x00007790       0x20 ./drivers/fsl_edma.o
 .rodata.EDMA_InitChannel.str1.4
                0x00007790       0x27 ./drivers/fsl_edma.o
 .rodata.EDMA_ResetChannel.str1.4
                0x00007790       0x4e ./drivers/fsl_edma.o
 .rodata.EDMA_SetTransferConfig.str1.4
                0x00007790       0x70 ./drivers/fsl_edma.o
 .rodata.EDMA_SetChannelPreemptionConfig.str1.4
                0x00007790       0x70 ./drivers/fsl_edma.o
 .rodata.EDMA_TcdResetExt.str1.4
                0x00007790       0x4f ./drivers/fsl_edma.o
 .rodata.EDMA_TcdSetTransferConfigExt.str1.4
                0x00007790       0x70 ./drivers/fsl_edma.o
 .rodata.EDMA_ConfigChannelSoftwareTCDExt.str1.4
                0x00007790      0x333 ./drivers/fsl_edma.o
 .rodata.EDMA_TcdEnableInterruptsExt.str1.4
                0x00007790       0x1d ./drivers/fsl_edma.o
 .rodata.EDMA_EnableChannelInterrupts.str1.4
                0x00007790       0x4f ./drivers/fsl_edma.o
 .rodata.EDMA_ClearChannelStatusFlags.str1.4
                0x00007790       0x4f ./drivers/fsl_edma.o
 .rodata.EDMA_CreateHandle.str1.4
                0x00007790       0x73 ./drivers/fsl_edma.o
 .rodata.EDMA_SetCallback.str1.4
                0x00007790       0x21 ./drivers/fsl_edma.o
 .rodata.EDMA_StartTransfer.str1.4
                0x00007790       0x21 ./drivers/fsl_edma.o
 .rodata.EDMA_StopTransfer.str1.4
                0x00007790       0x21 ./drivers/fsl_edma.o
 .rodata.EDMA_HandleIRQ.str1.4
                0x00007790       0x21 ./drivers/fsl_edma.o
 .rodata.s_gpioBases
                0x00007790       0x18 ./drivers/fsl_gpio.o
 .rodata.s_gpioClockName
                0x000077a8        0xa ./drivers/fsl_gpio.o
 .rodata.GPIO_GetInstance.str1.4
                0x000077b2       0x34 ./drivers/fsl_gpio.o
 .rodata.GPIO_PortClockEnable.str1.4
                0x000077b2       0x38 ./drivers/fsl_gpio.o
 .rodata.GPIO_PinInit.str1.4
                0x000077b2       0x20 ./drivers/fsl_gpio.o
 *fill*         0x000077b2        0x2 ff
 .rodata.s_lpflexcommBaseAddrs
                0x000077b4       0x28 ./drivers/fsl_lpflexcomm.o
 .rodata.s_lpflexcommBase
                0x000077dc       0x28 ./drivers/fsl_lpflexcomm.o
 .rodata.s_lpflexcommClocks
                0x00007804       0x14 ./drivers/fsl_lpflexcomm.o
 .rodata.s_lpflexcommResets
                0x00007818       0x28 ./drivers/fsl_lpflexcomm.o
 .rodata.LP_FLEXCOMM_SetPeriph.str1.4
                0x00007840       0x43 ./drivers/fsl_lpflexcomm.o
 .rodata.LP_FLEXCOMM_Init.str1.4
                0x00007840       0x49 ./drivers/fsl_lpflexcomm.o
 .rodata.LP_FLEXCOMM_SetIRQHandler.str1.4
                0x00007840       0x49 ./drivers/fsl_lpflexcomm.o
 .rodata.kLpi2cBases
                0x00007840       0x28 ./drivers/fsl_lpi2c.o
 .rodata.kLpi2cIrqs
                0x00007868       0x14 ./drivers/fsl_lpi2c.o
                0x00007868                kLpi2cIrqs
 .rodata.kLpi2cClocks
                0x0000787c       0x14 ./drivers/fsl_lpi2c.o
 .rodata.LPI2C_GetInstance.str1.4
                0x00007890       0x35 ./drivers/fsl_lpi2c.o
 .rodata.LPI2C_GetCyclesForWidth.str1.4
                0x00007890       0x26 ./drivers/fsl_lpi2c.o
 .rodata.LPI2C_MasterInit.str1.4
                0x00007890       0x18 ./drivers/fsl_lpi2c.o
 .rodata.kLpi2cBases
                0x00007890       0x28 ./drivers/fsl_lpi2c_edma.o
 .rodata.LPI2C_MasterCreateEDMAHandle.str1.4
                0x000078b8       0x7f ./drivers/fsl_lpi2c_edma.o
 .rodata.LPI2C_MasterTransferEDMA.str1.4
                0x000078b8       0xa0 ./drivers/fsl_lpi2c_edma.o
 .rodata.LPI2C_MasterTransferEdmaHandleIRQ.str1.4
                0x000078b8       0x72 ./drivers/fsl_lpi2c_edma.o
 .rodata.RESET_SetPeripheralReset.str1.4
                0x000078b8       0x1e ./drivers/fsl_reset.o
 .rodata.RESET_ClearPeripheralReset.str1.4
                0x000078b8       0x1e ./drivers/fsl_reset.o
 .rodata.SPC_SetSRAMOperateVoltage.str1.4
                0x000078b8       0x1f ./drivers/fsl_spc.o
 .rodata.SPC_SetActiveModeCoreLDORegulatorConfig.str1.4
                0x000078b8       0x1f ./drivers/fsl_spc.o
 .rodata.SPC_SetActiveModeDCDCRegulatorConfig.str1.4
                0x000078b8       0x20 ./drivers/fsl_spc.o
 .rodata        0x000078b8       0x22 ./board/clock_config.o
 .rodata.EDMA_SetChannelMux.str1.4
                0x000078da       0x7e ./board/peripherals.o
 *fill*         0x000078da        0x2 ff
 .rodata.CTIMER0_config
                0x000078dc        0x8 ./board/peripherals.o
                0x000078dc                CTIMER0_config
 .rodata.CTIMER2_config
                0x000078e4        0x8 ./board/peripherals.o
                0x000078e4                CTIMER2_config
 .rodata.LP_FLEXCOMM2_masterConfig
                0x000078ec       0x1c ./board/peripherals.o
                0x000078ec                LP_FLEXCOMM2_masterConfig
 .rodata.CTIMER4_config
                0x00007908        0x8 ./board/peripherals.o
                0x00007908                CTIMER4_config
 .rodata.PORT_SetPinConfig.str1.4
                0x00007910       0x48 ./board/pin_mux.o
 .rodata.__num_Ciob_streams
                0x00007910        0x4 D:/MCUXpressoIDE_25.6.136/ide/plugins/com.nxp.mcuxpresso.tools.win32_25.6.0.202501151204/tools/bin/../lib/gcc/arm-none-eabi/14.2.1/../../../../arm-none-eabi/lib/thumb/v8-m.main+fp/hard\libcr_semihost_nf.a(__ciob.o)
                0x00007910                __num_Ciob_streams
 .rodata._Csys_alloc.str1.1
                0x00007914       0x53 D:/MCUXpressoIDE_25.6.136/ide/plugins/com.nxp.mcuxpresso.tools.win32_25.6.0.202501151204/tools/bin/../lib/gcc/arm-none-eabi/14.2.1/../../../../arm-none-eabi/lib/thumb/v8-m.main+fp/hard\libcr_c.a(alloc.o)
                                 0x18 (size before relaxing)
 .rodata._initio.str1.1
                0x00007967        0x4 D:/MCUXpressoIDE_25.6.136/ide/plugins/com.nxp.mcuxpresso.tools.win32_25.6.0.202501151204/tools/bin/../lib/gcc/arm-none-eabi/14.2.1/../../../../arm-none-eabi/lib/thumb/v8-m.main+fp/hard\libcr_c.a(initio.o)
 .rodata.__vfprintf.str1.1
                0x00007967       0x38 D:/MCUXpressoIDE_25.6.136/ide/plugins/com.nxp.mcuxpresso.tools.win32_25.6.0.202501151204/tools/bin/../lib/gcc/arm-none-eabi/14.2.1/../../../../arm-none-eabi/lib/thumb/v8-m.main+fp/hard\libcr_c.a(printf.o)
                0x000079a0                        . = ALIGN (0x4)
 *fill*         0x00007967        0x1 ff

.glue_7         0x00007968        0x0
 .glue_7        0x00007968        0x0 linker stubs

.glue_7t        0x00007968        0x0
 .glue_7t       0x00007968        0x0 linker stubs

.vfp11_veneer   0x00007968        0x0
 .vfp11_veneer  0x00007968        0x0 linker stubs

.v4_bx          0x00007968        0x0
 .v4_bx         0x00007968        0x0 linker stubs

.iplt           0x00007968        0x0
 .iplt          0x00007968        0x0 ./utilities/fsl_assert.o

.rel.dyn        0x00007968        0x0
 .rel.iplt      0x00007968        0x0 ./utilities/fsl_assert.o

.ARM.extab
 *(SORT_BY_ALIGNMENT(.ARM.extab*) SORT_BY_ALIGNMENT(.gnu.linkonce.armextab.*))

.ARM.exidx      0x00007968        0x0
                0x00007968                        __exidx_start = .
 *(SORT_BY_ALIGNMENT(.ARM.exidx*) SORT_BY_ALIGNMENT(.gnu.linkonce.armexidx.*))
                0x00007968                        __exidx_end = .
                0x00007968                        _etext = .

.m_usb_data
 *(SORT_BY_ALIGNMENT(m_usb_global))

.data_RAM2      0x04000000        0x0 load address 0x00007968
 FILL mask 0xff
                [!provide]                        PROVIDE (__start_data_RAM2 = .)
                [!provide]                        PROVIDE (__start_data_SRAMX = .)
 *(SORT_BY_ALIGNMENT(.ramfunc.$RAM2))
 *(SORT_BY_ALIGNMENT(.ramfunc.$SRAMX))
 *(SORT_BY_ALIGNMENT(.data.$RAM2))
 *(SORT_BY_ALIGNMENT(.data.$SRAMX))
 *(SORT_BY_ALIGNMENT(.data.$RAM2.*))
 *(SORT_BY_ALIGNMENT(.data.$SRAMX.*))
                0x04000000                        . = ALIGN (0x4)
                [!provide]                        PROVIDE (__end_data_RAM2 = .)
                [!provide]                        PROVIDE (__end_data_SRAMX = .)

.data_RAM3      0x20060000        0x0 load address 0x00007968
 FILL mask 0xff
                [!provide]                        PROVIDE (__start_data_RAM3 = .)
                [!provide]                        PROVIDE (__start_data_SRAMH = .)
 *(SORT_BY_ALIGNMENT(.ramfunc.$RAM3))
 *(SORT_BY_ALIGNMENT(.ramfunc.$SRAMH))
 *(SORT_BY_ALIGNMENT(.data.$RAM3))
 *(SORT_BY_ALIGNMENT(.data.$SRAMH))
 *(SORT_BY_ALIGNMENT(.data.$RAM3.*))
 *(SORT_BY_ALIGNMENT(.data.$SRAMH.*))
                0x20060000                        . = ALIGN (0x4)
                [!provide]                        PROVIDE (__end_data_RAM3 = .)
                [!provide]                        PROVIDE (__end_data_SRAMH = .)

.data_RAM4      0x400ba000        0x0 load address 0x00007968
 FILL mask 0xff
                [!provide]                        PROVIDE (__start_data_RAM4 = .)
                [!provide]                        PROVIDE (__start_data_USB_RAM = .)
 *(SORT_BY_ALIGNMENT(.ramfunc.$RAM4))
 *(SORT_BY_ALIGNMENT(.ramfunc.$USB_RAM))
 *(SORT_BY_ALIGNMENT(.data.$RAM4))
 *(SORT_BY_ALIGNMENT(.data.$USB_RAM))
 *(SORT_BY_ALIGNMENT(.data.$RAM4.*))
 *(SORT_BY_ALIGNMENT(.data.$USB_RAM.*))
                0x400ba000                        . = ALIGN (0x4)
                [!provide]                        PROVIDE (__end_data_RAM4 = .)
                [!provide]                        PROVIDE (__end_data_USB_RAM = .)

.uninit_RESERVED
                0x20000000        0x0
                0x20000000                        _start_uninit_RESERVED = .
 *(SORT_BY_ALIGNMENT(.bss.$RESERVED*))
                0x20000000                        . = ALIGN (0x4)
                0x20000000                        _end_uninit_RESERVED = .

.data           0x20000000       0x54 load address 0x00007968
 FILL mask 0xff
                0x20000000                        _data = .
                [!provide]                        PROVIDE (__start_data_RAM = .)
                [!provide]                        PROVIDE (__start_data_SRAM = .)
 *(SORT_BY_ALIGNMENT(vtable))
 *(SORT_BY_ALIGNMENT(.ramfunc*))
 *(SORT_BY_ALIGNMENT(CodeQuickAccess))
 *(SORT_BY_ALIGNMENT(DataQuickAccess))
 *(SORT_BY_ALIGNMENT(RamFunction))
 *(SORT_BY_ALIGNMENT(.data*))
 .data.s_Ext_Clk_Freq
                0x20000000        0x4 ./drivers/fsl_clock.o
 .data.s_Xtal32_Freq
                0x20000004        0x4 ./drivers/fsl_clock.o
 .data.SystemCoreClock
                0x20000008        0x4 ./device/system_MCXN947_cm33_core0.o
                0x20000008                SystemCoreClock
 .data.DMA0_config
                0x2000000c       0x48 ./board/peripherals.o
                0x2000000c                DMA0_config
                0x20000054                        . = ALIGN (0x4)
                0x20000054                        _edata = .
                [!provide]                        PROVIDE (__end_data_RAM = .)
                [!provide]                        PROVIDE (__end_data_SRAM = .)

.igot.plt       0x20000054        0x0 load address 0x000079bc
 .igot.plt      0x20000054        0x0 ./utilities/fsl_assert.o

.bss_RAM2       0x04000000        0x0
                [!provide]                        PROVIDE (__start_bss_RAM2 = .)
                [!provide]                        PROVIDE (__start_bss_SRAMX = .)
 *(SORT_BY_ALIGNMENT(.bss.$RAM2))
 *(SORT_BY_ALIGNMENT(.bss.$SRAMX))
 *(SORT_BY_ALIGNMENT(.bss.$RAM2.*))
 *(SORT_BY_ALIGNMENT(.bss.$SRAMX.*))
                0x04000000                        . = ALIGN ((. != 0x0)?0x4:0x1)
                [!provide]                        PROVIDE (__end_bss_RAM2 = .)
                [!provide]                        PROVIDE (__end_bss_SRAMX = .)

.bss_RAM3       0x20060000        0x0
                [!provide]                        PROVIDE (__start_bss_RAM3 = .)